Archive member included to satisfy reference by file (symbol)

../../libDaisy/build\libdaisy.a(daisy_pod.o)
                              build/MultiEffect.o (daisy::DaisyPod::StartAudio(void (*)(float const*, float*, unsigned int)))
../../libDaisy/build\libdaisy.a(daisy_seed.o)
                              ../../libDaisy/build\libdaisy.a(daisy_pod.o) (daisy::DaisySeed::Configure())
../../libDaisy/build\libdaisy.a(codec_ak4556.o)
                              ../../libDaisy/build\libdaisy.a(daisy_seed.o) (daisy::Ak4556::Init(dsy_gpio_pin))
../../libDaisy/build\libdaisy.a(codec_wm8731.o)
                              ../../libDaisy/build\libdaisy.a(daisy_seed.o) (daisy::Wm8731::Init(daisy::Wm8731::Config const&, daisy::I2CHandle))
../../libDaisy/build\libdaisy.a(sdram.o)
                              ../../libDaisy/build\libdaisy.a(daisy_seed.o) (SdramHandle::Init())
../../libDaisy/build\libdaisy.a(audio.o)
                              ../../libDaisy/build\libdaisy.a(daisy_seed.o) (daisy::AudioHandle::Init(daisy::AudioHandle::Config const&, daisy::SaiHandle))
../../libDaisy/build\libdaisy.a(ctrl.o)
                              ../../libDaisy/build\libdaisy.a(daisy_pod.o) (daisy::AnalogControl::Init(unsigned short*, float, bool, bool, float))
../../libDaisy/build\libdaisy.a(encoder.o)
                              ../../libDaisy/build\libdaisy.a(daisy_pod.o) (daisy::Encoder::Init(dsy_gpio_pin, dsy_gpio_pin, dsy_gpio_pin, float))
../../libDaisy/build\libdaisy.a(parameter.o)
                              build/MultiEffect.o (daisy::Parameter::Init(daisy::AnalogControl, float, float, daisy::Parameter::Curve))
../../libDaisy/build\libdaisy.a(rgb_led.o)
                              ../../libDaisy/build\libdaisy.a(daisy_pod.o) (daisy::RgbLed::Init(dsy_gpio_pin, dsy_gpio_pin, dsy_gpio_pin, bool))
../../libDaisy/build\libdaisy.a(switch.o)
                              ../../libDaisy/build\libdaisy.a(daisy_pod.o) (daisy::Switch::Init(dsy_gpio_pin, float))
../../libDaisy/build\libdaisy.a(adc.o)
                              ../../libDaisy/build\libdaisy.a(daisy_pod.o) (daisy::AdcChannelConfig::InitSingle(dsy_gpio_pin))
../../libDaisy/build\libdaisy.a(gpio.o)
                              ../../libDaisy/build\libdaisy.a(daisy_seed.o) (dsy_gpio_init)
../../libDaisy/build\libdaisy.a(i2c.o)
                              ../../libDaisy/build\libdaisy.a(daisy_seed.o) (daisy::I2CHandle::Init(daisy::I2CHandle::Config const&))
../../libDaisy/build\libdaisy.a(qspi.o)
                              ../../libDaisy/build\libdaisy.a(daisy_seed.o) (daisy::QSPIHandle::Init(daisy::QSPIHandle::Config const&))
../../libDaisy/build\libdaisy.a(sai.o)
                              ../../libDaisy/build\libdaisy.a(daisy_seed.o) (daisy::SaiHandle::Init(daisy::SaiHandle::Config const&))
../../libDaisy/build\libdaisy.a(uart.o)
                              ../../libDaisy/build\libdaisy.a(daisy_pod.o) (daisy::UartHandler::Init(daisy::UartHandler::Config const&))
../../libDaisy/build\libdaisy.a(system.o)
                              ../../libDaisy/build\libdaisy.a(daisy_seed.o) (daisy::System::DeInit())
../../libDaisy/build\libdaisy.a(system_stm32h7xx.o)
                              build/startup_stm32h750xx.o (SystemInit)
../../libDaisy/build\libdaisy.a(usbd_conf.o)
                              ../../libDaisy/build\libdaisy.a(system.o) (hpcd_USB_OTG_HS)
../../libDaisy/build\libdaisy.a(usbh_conf.o)
                              ../../libDaisy/build\libdaisy.a(system.o) (hhcd_USB_OTG_HS)
../../libDaisy/build\libdaisy.a(color.o)
                              ../../libDaisy/build\libdaisy.a(daisy_pod.o) (daisy::Color::Init(daisy::Color::PresetColor))
../../libDaisy/build\libdaisy.a(hal_map.o)
                              ../../libDaisy/build\libdaisy.a(gpio.o) (dsy_hal_map_get_port)
../../libDaisy/build\libdaisy.a(stm32h7xx_hal.o)
                              ../../libDaisy/build\libdaisy.a(system.o) (HAL_Init)
../../libDaisy/build\libdaisy.a(stm32h7xx_hal_adc.o)
                              ../../libDaisy/build\libdaisy.a(adc.o) (HAL_ADC_ConfigChannel)
../../libDaisy/build\libdaisy.a(stm32h7xx_hal_adc_ex.o)
                              ../../libDaisy/build\libdaisy.a(adc.o) (HAL_ADCEx_Calibration_Start)
../../libDaisy/build\libdaisy.a(stm32h7xx_hal_cortex.o)
                              ../../libDaisy/build\libdaisy.a(stm32h7xx_hal.o) (HAL_NVIC_SetPriorityGrouping)
../../libDaisy/build\libdaisy.a(stm32h7xx_hal_dma.o)
                              ../../libDaisy/build\libdaisy.a(adc.o) (HAL_DMA_Init)
../../libDaisy/build\libdaisy.a(stm32h7xx_hal_gpio.o)
                              ../../libDaisy/build\libdaisy.a(sdram.o) (HAL_GPIO_Init)
../../libDaisy/build\libdaisy.a(stm32h7xx_hal_hcd.o)
                              ../../libDaisy/build\libdaisy.a(usbh_conf.o) (HAL_HCD_HC_Init)
../../libDaisy/build\libdaisy.a(stm32h7xx_hal_i2c.o)
[...]
Memory Configuration

Name             Origin             Length             Attributes
FLASH            0x08000000         0x00020000         xr
DTCMRAM          0x20000000         0x00020000         xrw
SRAM             0x24000000         0x00080000         xrw
RAM_D2           0x30000000         0x00048000         xrw
RAM_D3           0x38000000         0x00010000         xrw
ITCMRAM          0x00000000         0x00010000         xrw
SDRAM            0xc0000000         0x04000000         xrw
QSPIFLASH        0x90000000         0x00800000         xr
*default*        0x00000000         0xffffffff

Linker script and memory map

LOAD c:/users/seanw/documents/daisytoolchain-0.3.1/daisytoolchain-0.3.1/windows/bin/../lib/gcc/arm-none-eabi/10.2.1/thumb/v7e-m+dp/hard/crti.o
LOAD c:/users/seanw/documents/daisytoolchain-0.3.1/daisytoolchain-0.3.1/windows/bin/../lib/gcc/arm-none-eabi/10.2.1/thumb/v7e-m+dp/hard/crtbegin.o
LOAD c:/users/seanw/documents/daisytoolchain-0.3.1/daisytoolchain-0.3.1/windows/bin/../lib/gcc/arm-none-eabi/10.2.1/../../../../arm-none-eabi/lib/thumb/v7e-m+dp/hard/crt0.o
LOAD build/startup_stm32h750xx.o
LOAD build/MultiEffect.o
LOAD ../../libDaisy/build\libdaisy.a
LOAD c:/users/seanw/documents/daisytoolchain-0.3.1/daisytoolchain-0.3.1/windows/bin/../lib/gcc/arm-none-eabi/10.2.1/../../../../arm-none-eabi/lib/thumb/v7e-m+dp/hard\libnosys.a
LOAD ../../DaisySP/build\libdaisysp.a
LOAD c:/users/seanw/documents/daisytoolchain-0.3.1/daisytoolchain-0.3.1/windows/bin/../lib/gcc/arm-none-eabi/10.2.1/../../../../arm-none-eabi/lib/thumb/v7e-m+dp/hard\libstdc++_nano.a
LOAD c:/users/seanw/documents/daisytoolchain-0.3.1/daisytoolchain-0.3.1/windows/bin/../lib/gcc/arm-none-eabi/10.2.1/../../../../arm-none-eabi/lib/thumb/v7e-m+dp/hard\libm.a
LOAD c:/users/seanw/documents/daisytoolchain-0.3.1/daisytoolchain-0.3.1/windows/bin/../lib/gcc/arm-none-eabi/10.2.1/../../../../arm-none-eabi/lib/thumb/v7e-m+dp/hard\libc_nano.a
START GROUP
LOAD c:/users/seanw/documents/daisytoolchain-0.3.1/daisytoolchain-0.3.1/windows/bin/../lib/gcc/arm-none-eabi/10.2.1/thumb/v7e-m+dp/hard\libgcc.a
LOAD c:/users/seanw/documents/daisytoolchain-0.3.1/daisytoolchain-0.3.1/windows/bin/../lib/gcc/arm-none-eabi/10.2.1/../../../../arm-none-eabi/lib/thumb/v7e-m+dp/hard\libc_nano.a
END GROUP
START GROUP
LOAD c:/users/seanw/documents/daisytoolchain-0.3.1/daisytoolchain-0.3.1/windows/bin/../lib/gcc/arm-none-eabi/10.2.1/thumb/v7e-m+dp/hard\libgcc.a
LOAD c:/users/seanw/documents/daisytoolchain-0.3.1/daisytoolchain-0.3.1/windows/bin/../lib/gcc/arm-none-eabi/10.2.1/../../../../arm-none-eabi/lib/thumb/v7e-m+dp/hard\libc_nano.a
LOAD c:/users/seanw/documents/daisytoolchain-0.3.1/daisytoolchain-0.3.1/windows/bin/../lib/gcc/arm-none-eabi/10.2.1/../../../../arm-none-eabi/lib/thumb/v7e-m+dp/hard\libnosys.a
END GROUP
START GROUP
LOAD c:/users/seanw/documents/daisytoolchain-0.3.1/daisytoolchain-0.3.1/windows/bin/../lib/gcc/arm-none-eabi/10.2.1/thumb/v7e-m+dp/hard\libgcc.a
LOAD c:/users/seanw/documents/daisytoolchain-0.3.1/daisytoolchain-0.3.1/windows/bin/../lib/gcc/arm-none-eabi/10.2.1/../../../../arm-none-eabi/lib/thumb/v7e-m+dp/hard\libc_nano.a
LOAD c:/users/seanw/documents/daisytoolchain-0.3.1/daisytoolchain-0.3.1/windows/bin/../lib/gcc/arm-none-eabi/10.2.1/../../../../arm-none-eabi/lib/thumb/v7e-m+dp/hard\libnosys.a
END GROUP
LOAD c:/users/seanw/documents/daisytoolchain-0.3.1/daisytoolchain-0.3.1/windows/bin/../lib/gcc/arm-none-eabi/10.2.1/thumb/v7e-m+dp/hard/crtend.o
LOAD c:/users/seanw/documents/daisytoolchain-0.3.1/daisytoolchain-0.3.1/windows/bin/../lib/gcc/arm-none-eabi/10.2.1/thumb/v7e-m+dp/hard/crtn.o
                0x20020000                _estack = 0x20020000

.isr_vector     0x08000000      0x298
                0x08000000                . = ALIGN (0x4)
 *(.isr_vector)
 .isr_vector    0x08000000      0x298 build/startup_stm32h750xx.o
                0x08000000                g_pfnVectors
                0x08000298                . = ALIGN (0x4)

.text           0x08000298    0x13270
                0x08000298                . = ALIGN (0x4)
                0x08000298                _stext = .
 *(.text)
 .text          0x08000298       0x40 c:/users/seanw/documents/daisytoolchain-0.3.1/daisytoolchain-0.3.1/windows/bin/../lib/gcc/arm-none-eabi/10.2.1/thumb/v7e-m+dp/hard/crtbegin.o
 .text          0x080002d8      0x378 c:/users/seanw/documents/daisytoolchain-0.3.1/daisytoolchain-0.3.1/windows/bin/../lib/gcc/arm-none-eabi/10.2.1/thumb/v7e-m+dp/hard\libgcc.a(_arm_addsubdf3.o)
                0x080002d8                __aeabi_drsub
                0x080002e0                __aeabi_dsub
                0x080002e0                __subdf3
                0x080002e4                __aeabi_dadd
                0x080002e4                __adddf3
                0x0800055c                __floatunsidf
                0x0800055c                __aeabi_ui2d
                0x0800057c                __floatsidf
                0x0800057c                __aeabi_i2d
                0x080005a0                __aeabi_f2d
                0x080005a0                __extendsfdf2
                0x080005e4                __floatundidf
                0x080005e4                __aeabi_ul2d
                0x080005f4                __floatdidf
                0x080005f4                __aeabi_l2d
 .text          0x08000650       0x30 c:/users/seanw/documents/daisytoolchain-0.3.1/daisytoolchain-0.3.1/windows/bin/../lib/gcc/arm-none-eabi/10.2.1/thumb/v7e-m+dp/hard\libgcc.a(_aeabi_uldivmod.o)
                0x08000650                __aeabi_uldivmod
 .text          0x08000680      0x2d0 c:/users/seanw/documents/daisytoolchain-0.3.1/daisytoolchain-0.3.1/windows/bin/../lib/gcc/arm-none-eabi/10.2.1/thumb/v7e-m+dp/hard\libgcc.a(_udivmoddi4.o)
                0x08000680                __udivmoddi4
 .text          0x08000950        0x4 c:/users/seanw/documents/daisytoolchain-0.3.1/daisytoolchain-0.3.1/windows/bin/../lib/gcc/arm-none-eabi/10.2.1/thumb/v7e-m+dp/hard\libgcc.a(_dvmd_tls.o)
                0x08000950                __aeabi_idiv0
                0x08000950                __aeabi_ldiv0
 *(.text*)
 .text.Default_Handler
                0x08000954        0x4 build/startup_stm32h750xx.o
                0x08000954                RTC_Alarm_IRQHandler
                0x08000954                HASH_RNG_IRQHandler
                0x08000954                EXTI2_IRQHandler
                0x08000954                TIM8_CC_IRQHandler
                0x08000954                HRTIM1_Master_IRQHandler
                0x08000954                DebugMon_Handler
                0x08000954                SPI4_IRQHandler
                0x08000954                TIM1_CC_IRQHandler
                0x08000954                BDMA_Channel6_IRQHandler
                0x08000954                DMA2_Stream5_IRQHandler
                0x08000954                HRTIM1_FLT_IRQHandler
                0x08000954                JPEG_IRQHandler
                0x08000954                BDMA_Channel1_IRQHandler
                0x08000954                HRTIM1_TIMD_IRQHandler
                0x08000954                TAMP_STAMP_IRQHandler
                0x08000954                PendSV_Handler
                0x08000954                NMI_Handler
                0x08000954                EXTI3_IRQHandler
                0x08000954                LPTIM4_IRQHandler
                0x08000954                TIM8_TRG_COM_TIM14_IRQHandler
                0x08000954                LPTIM2_IRQHandler
                0x08000954                DFSDM1_FLT1_IRQHandler
                0x08000954                DMAMUX2_OVR_IRQHandler
                0x08000954                TIM8_UP_TIM13_IRQHandler
                0x08000954                I2C3_ER_IRQHandler
                0x08000954                DFSDM1_FLT2_IRQHandler
                0x08000954                MDMA_IRQHandler
                0x08000954                LPTIM3_IRQHandler
                0x08000954                HSEM1_IRQHandler
                0x08000954                EXTI0_IRQHandler
                0x08000954                FPU_IRQHandler
                0x08000954                OTG_HS_WKUP_IRQHandler
                0x08000954                FDCAN1_IT1_IRQHandler
                0x08000954                UsageFault_Handler
                0x08000954                LTDC_ER_IRQHandler
                0x08000954                DMA2_Stream2_IRQHandler
                0x08000954                HRTIM1_TIME_IRQHandler
                0x08000954                TIM6_DAC_IRQHandler
                0x08000954                DCMI_IRQHandler
                0x08000954                HRTIM1_TIMC_IRQHandler
                0x08000954                DMA2_Stream3_IRQHandler
                0x08000954                SAI2_IRQHandler
                0x08000954                DFSDM1_FLT3_IRQHandler
                0x08000954                TIM17_IRQHandler
                0x08000954                CRYP_IRQHandler
                0x08000954                BDMA_Channel7_IRQHandler
                0x08000954                LPTIM5_IRQHandler
                0x08000954                ADC3_IRQHandler
                0x08000954                DMA2_Stream0_IRQHandler
                0x08000954                TIM4_IRQHandler
                0x08000954                BDMA_Channel2_IRQHandler
                0x08000954                DMAMUX1_OVR_IRQHandler
                0x08000954                TIM16_IRQHandler
                0x08000954                BDMA_Channel5_IRQHandler
                0x08000954                TIM3_IRQHandler
                0x08000954                RCC_IRQHandler
                0x08000954                TIM8_BRK_TIM12_IRQHandler
                0x08000954                TIM1_TRG_COM_IRQHandler
                0x08000954                Default_Handler
                0x08000954                ECC_IRQHandler
                0x08000954                CEC_IRQHandler
                0x08000954                EXTI15_10_IRQHandler
                0x08000954                BDMA_Channel0_IRQHandler
                0x08000954                ADC_IRQHandler
                0x08000954                HRTIM1_TIMA_IRQHandler
                0x08000954                SPI5_IRQHandler
                0x08000954                TIM7_IRQHandler
                0x08000954                SDMMC1_IRQHandler
                0x08000954                TIM5_IRQHandler
                0x08000954                DMA2_Stream7_IRQHandler
                0x08000954                TIM15_IRQHandler
                0x08000954                PVD_AVD_IRQHandler
                0x08000954                EXTI9_5_IRQHandler
                0x08000954                RTC_WKUP_IRQHandler
                0x08000954                LTDC_IRQHandler
                0x08000954                SAI3_IRQHandler
                0x08000954                ETH_WKUP_IRQHandler
                0x08000954                SPDIF_RX_IRQHandler
                0x08000954                SPI2_IRQHandler
                0x08000954                MemManage_Handler
                0x08000954                SVC_Handler
                0x08000954                CRS_IRQHandler
                0x08000954                EXTI4_IRQHandler
                0x08000954                HRTIM1_TIMB_IRQHandler
                0x08000954                FDCAN2_IT1_IRQHandler
                0x08000954                ETH_IRQHandler
                0x08000954                TIM1_UP_IRQHandler
                0x08000954                BDMA_Channel4_IRQHandler
                0x08000954                WWDG_IRQHandler
                0x08000954                SPI6_IRQHandler
                0x08000954                I2C4_EV_IRQHandler
                0x08000954                MDIOS_IRQHandler
                0x08000954                FDCAN2_IT0_IRQHandler
                0x08000954                FDCAN1_IT0_IRQHandler
                0x08000954                TIM2_IRQHandler
                0x08000954                OTG_FS_WKUP_IRQHandler
                0x08000954                DMA2D_IRQHandler
                0x08000954                TIM1_BRK_IRQHandler
                0x08000954                EXTI1_IRQHandler
                0x08000954                SDMMC2_IRQHandler
                0x08000954                OTG_FS_EP1_OUT_IRQHandler
                0x08000954                BDMA_Channel3_IRQHandler
                0x08000954                MDIOS_WKUP_IRQHandler
                0x08000954                DFSDM1_FLT0_IRQHandler
                0x08000954                SAI4_IRQHandler
                0x08000954                I2C2_ER_IRQHandler
                0x08000954                DMA2_Stream1_IRQHandler
                0x08000954                FLASH_IRQHandler
                0x08000954                DMA2_Stream4_IRQHandler
                0x08000954                BusFault_Handler
                0x08000954                OTG_FS_IRQHandler
                0x08000954                SPI3_IRQHandler
                0x08000954                WAKEUP_PIN_IRQHandler
                0x08000954                OTG_FS_EP1_IN_IRQHandler
                0x08000954                I2C1_ER_IRQHandler
                0x08000954                FMC_IRQHandler
                0x08000954                FDCAN_CAL_IRQHandler
                0x08000954                SWPMI1_IRQHandler
                0x08000954                COMP1_IRQHandler
                0x08000954                LPTIM1_IRQHandler
                0x08000954                I2C4_ER_IRQHandler
                0x08000954                DMA2_Stream6_IRQHandler
                0x08000954                SAI1_IRQHandler
 .text.Reset_Handler
                0x08000958       0x44 build/startup_stm32h750xx.o
                0x08000958                Reset_Handler
 .text._ZN7daisysp6ChorusD2Ev
                0x0800099c        0x4 build/MultiEffect.o
                0x0800099c                daisysp::Chorus::~Chorus()
                0x0800099c                daisysp::Chorus::~Chorus()
 .text._ZN7daisysp6PhaserD2Ev
                0x080009a0        0x4 build/MultiEffect.o
                0x080009a0                daisysp::Phaser::~Phaser()
                0x080009a0                daisysp::Phaser::~Phaser()
 .text._ZN7daisysp12PitchShifterD2Ev
                0x080009a4        0x4 build/MultiEffect.o
                0x080009a4                daisysp::PitchShifter::~PitchShifter()
                0x080009a4                daisysp::PitchShifter::~PitchShifter()
 .text._ZN5daisy9ParameterD2Ev
                0x080009a8        0x4 build/MultiEffect.o
                0x080009a8                daisy::Parameter::~Parameter()
                0x080009a8                daisy::Parameter::~Parameter()
 .text._ZN5daisy8DaisyPodD2Ev
                0x080009ac        0x4 build/MultiEffect.o
                0x080009ac                daisy::DaisyPod::~DaisyPod()
                0x080009ac                daisy::DaisyPod::~DaisyPod()
 .text._ZN7daisysp9DelayLineIfLj120000EED2Ev
                0x080009b0        0x4 build/MultiEffect.o
                0x080009b0                daisysp::DelayLine<float, 120000u>::~DelayLine()
                0x080009b0                daisysp::DelayLine<float, 120000u>::~DelayLine()
 .text._ZN7daisysp12PitchShifter16SetTranspositionERKf.isra.0
                0x080009b4       0xf4 build/MultiEffect.o
 .text._ZN7daisysp12PitchShifter7ProcessERf
                0x08000aa8      0x2c8 build/MultiEffect.o
                0x08000aa8                daisysp::PitchShifter::Process(float&)
 .text.startup.main
                0x08000d70      0x42c build/MultiEffect.o
                0x08000d70                main
 *fill*         0x0800119c        0x4 
 .text._Z11UpdateKnobsRfS_
                0x080011a0      0x1d0 build/MultiEffect.o
                0x080011a0                UpdateKnobs(float&, float&)
 .text._Z10UpdateLedsff
                0x08001370       0xb8 build/MultiEffect.o
                0x08001370                UpdateLeds(float, float)
 .text._Z8Controlsv
                0x08001428       0x84 build/MultiEffect.o
                0x08001428                Controls()
 .text._Z15GetReverbSampleRfS_ff
                0x080014ac      0x374 build/MultiEffect.o
                0x080014ac                GetReverbSample(float&, float&, float, float)
 .text._Z14GetDelaySampleRfS_ff
                0x08001820      0x288 build/MultiEffect.o
                0x08001820                GetDelaySample(float&, float&, float, float)
 .text._Z15GetChorusSampleRfS_ff
                0x08001aa8       0xf4 build/MultiEffect.o
                0x08001aa8                GetChorusSample(float&, float&, float, float)
 *fill*         0x08001b9c        0x4 
 .text._Z15GetPhaserSampleRfS_ff
                0x08001ba0      0x1b0 build/MultiEffect.o
                0x08001ba0                GetPhaserSample(float&, float&, float, float)
 .text._Z15GetOctaveSampleRfS_ff
                0x08001d50       0xd4 build/MultiEffect.o
                0x08001d50                GetOctaveSample(float&, float&, float, float)
 .text._Z13AudioCallbackPKfPfj
                0x08001e24       0xa4 build/MultiEffect.o
                0x08001e24                AudioCallback(float const*, float*, unsigned int)
 .text.startup._GLOBAL__sub_I_mode
                0x08001ec8      0x124 build/MultiEffect.o
 .text._ZN5daisy8DaisyPod10StartAudioEPFvPKfPfjE
                0x08001fec        0x4 ../../libDaisy/build\libdaisy.a(daisy_pod.o)
                0x08001fec                daisy::DaisyPod::StartAudio(void (*)(float const*, float*, unsigned int))
 .text._ZN5daisy8DaisyPod15AudioSampleRateEv
                0x08001ff0        0x4 ../../libDaisy/build\libdaisy.a(daisy_pod.o)
                0x08001ff0                daisy::DaisyPod::AudioSampleRate()
 .text._ZN5daisy8DaisyPod8StartAdcEv
                0x08001ff4        0x8 ../../libDaisy/build\libdaisy.a(daisy_pod.o)
                0x08001ff4                daisy::DaisyPod::StartAdc()
 .text._ZN5daisy8DaisyPod21ProcessAnalogControlsEv
                0x08001ffc       0x18 ../../libDaisy/build\libdaisy.a(daisy_pod.o)
                0x08001ffc                daisy::DaisyPod::ProcessAnalogControls()
 .text._ZN5daisy8DaisyPod22ProcessDigitalControlsEv
                0x08002014       0x20 ../../libDaisy/build\libdaisy.a(daisy_pod.o)
                0x08002014                daisy::DaisyPod::ProcessDigitalControls()
 .text._ZN5daisy8DaisyPod10UpdateLedsEv
                0x08002034       0x18 ../../libDaisy/build\libdaisy.a(daisy_pod.o)
                0x08002034                daisy::DaisyPod::UpdateLeds()
 .text._ZN5daisy8DaisyPod8InitLedsEv
                0x0800204c       0xac ../../libDaisy/build\libdaisy.a(daisy_pod.o)
                0x0800204c                daisy::DaisyPod::InitLeds()
 .text._ZN5daisy8DaisyPod9InitKnobsEv
                0x080020f8       0x98 ../../libDaisy/build\libdaisy.a(daisy_pod.o)
                0x080020f8                daisy::DaisyPod::InitKnobs()
 .text._ZN5daisy8DaisyPod4InitEb
                0x08002190      0x118 ../../libDaisy/build\libdaisy.a(daisy_pod.o)
                0x08002190                daisy::DaisyPod::Init(bool)
 .text._ZN5daisy9DaisySeed9ConfigureEv
                0x080022a8        0x4 ../../libDaisy/build\libdaisy.a(daisy_seed.o)
                0x080022a8                daisy::DaisySeed::Configure()
 .text._ZN5daisy9DaisySeed6GetPinEh
                0x080022ac       0x2c ../../libDaisy/build\libdaisy.a(daisy_seed.o)
                0x080022ac                daisy::DaisySeed::GetPin(unsigned char)
 .text._ZN5daisy9DaisySeed10StartAudioEPFvPKfPfjE
                0x080022d8        0x8 ../../libDaisy/build\libdaisy.a(daisy_seed.o)
                0x080022d8                daisy::DaisySeed::StartAudio(void (*)(float const*, float*, unsigned int))
 .text._ZN5daisy9DaisySeed15AudioSampleRateEv
                0x080022e0        0x8 ../../libDaisy/build\libdaisy.a(daisy_seed.o)
                0x080022e0                daisy::DaisySeed::AudioSampleRate()
 .text._ZN5daisy9DaisySeed17SetAudioBlockSizeEj
                0x080022e8       0x38 ../../libDaisy/build\libdaisy.a(daisy_seed.o)
                0x080022e8                daisy::DaisySeed::SetAudioBlockSize(unsigned int)
 .text._ZNK5daisy9DaisySeed17AudioCallbackRateEv
                0x08002320        0x8 ../../libDaisy/build\libdaisy.a(daisy_seed.o)
                0x08002320                daisy::DaisySeed::AudioCallbackRate() const
 .text._ZN5daisy9DaisySeed14ConfigureAudioEv
                0x08002328       0xd0 ../../libDaisy/build\libdaisy.a(daisy_seed.o)
                0x08002328                daisy::DaisySeed::ConfigureAudio()
 .text._ZN5daisy9DaisySeed4InitEb
                0x080023f8       0xf0 ../../libDaisy/build\libdaisy.a(daisy_seed.o)
                0x080023f8                daisy::DaisySeed::Init(bool)
 .text._ZN5daisy6Ak45564InitE12dsy_gpio_pin
                0x080024e8       0x44 ../../libDaisy/build\libdaisy.a(codec_ak4556.o)
                0x080024e8                daisy::Ak4556::Init(dsy_gpio_pin)
 .text._ZN5daisy6Wm873120WriteControlRegisterEht
                0x0800252c       0x3c ../../libDaisy/build\libdaisy.a(codec_wm8731.o)
                0x0800252c                daisy::Wm8731::WriteControlRegister(unsigned char, unsigned short)
 .text._ZN5daisy6Wm87314InitERKNS0_6ConfigENS_9I2CHandleE
                0x08002568      0x1bc ../../libDaisy/build\libdaisy.a(codec_wm8731.o)
                0x08002568                daisy::Wm8731::Init(daisy::Wm8731::Config const&, daisy::I2CHandle)
 .text._ZN11SdramHandle10DeviceInitEv
                0x08002724       0x98 ../../libDaisy/build\libdaisy.a(sdram.o)
                0x08002724                SdramHandle::DeviceInit()
 .text._ZN11SdramHandle4InitEv
                0x080027bc       0x7c ../../libDaisy/build\libdaisy.a(sdram.o)
                0x080027bc                SdramHandle::Init()
 .text.HAL_SDRAM_MspInit
                0x08002838      0x1a8 ../../libDaisy/build\libdaisy.a(sdram.o)
                0x08002838                HAL_SDRAM_MspInit
 .text._ZN5daisy11AudioHandle4Impl16InternalCallbackEPlS2_j
                0x080029e0      0xbbc ../../libDaisy/build\libdaisy.a(audio.o)
                0x080029e0                daisy::AudioHandle::Impl::InternalCallback(long*, long*, unsigned int)
 .text._ZN5daisy11AudioHandle4InitERKNS0_6ConfigENS_9SaiHandleE
                0x0800359c       0x64 ../../libDaisy/build\libdaisy.a(audio.o)
                0x0800359c                daisy::AudioHandle::Init(daisy::AudioHandle::Config const&, daisy::SaiHandle)
 .text._ZNK5daisy11AudioHandle9GetConfigEv
                0x08003600        0x8 ../../libDaisy/build\libdaisy.a(audio.o)
                0x08003600                daisy::AudioHandle::GetConfig() const
 .text._ZN5daisy11AudioHandle12SetBlockSizeEj
                0x08003608       0x1c ../../libDaisy/build\libdaisy.a(audio.o)
                0x08003608                daisy::AudioHandle::SetBlockSize(unsigned int)
 .text._ZN5daisy11AudioHandle13GetSampleRateEv
                0x08003624        0x8 ../../libDaisy/build\libdaisy.a(audio.o)
                0x08003624                daisy::AudioHandle::GetSampleRate()
 .text._ZN5daisy11AudioHandle5StartEPFvPKfPfjE
                0x0800362c       0x2c ../../libDaisy/build\libdaisy.a(audio.o)
                0x0800362c                daisy::AudioHandle::Start(void (*)(float const*, float*, unsigned int))
 .text.startup._GLOBAL__sub_I__ZN5daisy11AudioHandle4Impl4InitENS0_6ConfigENS_9SaiHandleE
                0x08003658       0x10 ../../libDaisy/build\libdaisy.a(audio.o)
 .text._ZN5daisy13AnalogControl4InitEPtfbbf
                0x08003668       0x3c ../../libDaisy/build\libdaisy.a(ctrl.o)
                0x08003668                daisy::AnalogControl::Init(unsigned short*, float, bool, bool, float)
 .text._ZN5daisy13AnalogControl7ProcessEv
                0x080036a4       0x48 ../../libDaisy/build\libdaisy.a(ctrl.o)
                0x080036a4                daisy::AnalogControl::Process()
 .text._ZN5daisy13AnalogControl13SetSampleRateEf
                0x080036ec       0x30 ../../libDaisy/build\libdaisy.a(ctrl.o)
                0x080036ec                daisy::AnalogControl::SetSampleRate(float)
 .text._ZN5daisy7Encoder4InitE12dsy_gpio_pinS1_S1_f
                0x0800371c       0x4c ../../libDaisy/build\libdaisy.a(encoder.o)
                0x0800371c                daisy::Encoder::Init(dsy_gpio_pin, dsy_gpio_pin, dsy_gpio_pin, float)
 .text._ZN5daisy7Encoder8DebounceEv
                0x08003768       0x60 ../../libDaisy/build\libdaisy.a(encoder.o)
                0x08003768                daisy::Encoder::Debounce()
 .text._ZN5daisy9Parameter4InitENS_13AnalogControlEffNS0_5CurveE
                0x080037c8       0x60 ../../libDaisy/build\libdaisy.a(parameter.o)
                0x080037c8                daisy::Parameter::Init(daisy::AnalogControl, float, float, daisy::Parameter::Curve)
 .text._ZN5daisy9Parameter7ProcessEv
                0x08003828       0xac ../../libDaisy/build\libdaisy.a(parameter.o)
                0x08003828                daisy::Parameter::Process()
 .text._ZN5daisy6RgbLed4InitE12dsy_gpio_pinS1_S1_b
                0x080038d4       0x50 ../../libDaisy/build\libdaisy.a(rgb_led.o)
                0x080038d4                daisy::RgbLed::Init(dsy_gpio_pin, dsy_gpio_pin, dsy_gpio_pin, bool)
 .text._ZN5daisy6RgbLed3SetEfff
                0x08003924       0x34 ../../libDaisy/build\libdaisy.a(rgb_led.o)
                0x08003924                daisy::RgbLed::Set(float, float, float)
 .text._ZN5daisy6RgbLed8SetColorENS_5ColorE
                0x08003958       0x2c ../../libDaisy/build\libdaisy.a(rgb_led.o)
                0x08003958                daisy::RgbLed::SetColor(daisy::Color)
 .text._ZN5daisy6RgbLed6UpdateEv
                0x08003984       0x1c ../../libDaisy/build\libdaisy.a(rgb_led.o)
                0x08003984                daisy::RgbLed::Update()
 .text._ZN5daisy6Switch4InitE12dsy_gpio_pinf
                0x080039a0       0x28 ../../libDaisy/build\libdaisy.a(switch.o)
                0x080039a0                daisy::Switch::Init(dsy_gpio_pin, float)
 .text._ZN5daisy6Switch8DebounceEv
                0x080039c8       0x48 ../../libDaisy/build\libdaisy.a(switch.o)
                0x080039c8                daisy::Switch::Debounce()
 .text._ZN5daisy16AdcChannelConfig10InitSingleE12dsy_gpio_pin
                0x08003a10       0x1c ../../libDaisy/build\libdaisy.a(adc.o)
                0x08003a10                daisy::AdcChannelConfig::InitSingle(dsy_gpio_pin)
 .text._ZN5daisy9AdcHandle4InitEPNS_16AdcChannelConfigEjNS0_12OverSamplingE
                0x08003a2c      0x3c8 ../../libDaisy/build\libdaisy.a(adc.o)
                0x08003a2c                daisy::AdcHandle::Init(daisy::AdcChannelConfig*, unsigned int, daisy::AdcHandle::OverSampling)
 .text._ZN5daisy9AdcHandle5StartEv
                0x08003df4       0x2c ../../libDaisy/build\libdaisy.a(adc.o)
                0x08003df4                daisy::AdcHandle::Start()
 .text._ZNK5daisy9AdcHandle6GetPtrEh
                0x08003e20       0x14 ../../libDaisy/build\libdaisy.a(adc.o)
                0x08003e20                daisy::AdcHandle::GetPtr(unsigned char) const
 .text.HAL_ADC_MspInit
                0x08003e34       0x98 ../../libDaisy/build\libdaisy.a(adc.o)
                0x08003e34                HAL_ADC_MspInit
 .text.DMA1_Stream2_IRQHandler
                0x08003ecc        0xc ../../libDaisy/build\libdaisy.a(adc.o)
                0x08003ecc                DMA1_Stream2_IRQHandler
 .text.HAL_ADC_ConvCpltCallback
                0x08003ed8      0x148 ../../libDaisy/build\libdaisy.a(adc.o)
                0x08003ed8                HAL_ADC_ConvCpltCallback
 .text.HAL_ADC_ErrorCallback
                0x08004020        0x4 ../../libDaisy/build\libdaisy.a(adc.o)
                0x08004020                HAL_ADC_ErrorCallback
 .text.dsy_gpio_init
                0x08004024      0x1b8 ../../libDaisy/build\libdaisy.a(gpio.o)
                0x08004024                dsy_gpio_init
 .text.dsy_gpio_read
                0x080041dc       0x1c ../../libDaisy/build\libdaisy.a(gpio.o)
                0x080041dc                dsy_gpio_read
 .text.dsy_gpio_write
                0x080041f8       0x24 ../../libDaisy/build\libdaisy.a(gpio.o)
                0x080041f8                dsy_gpio_write
 .text._ZN5daisy9I2CHandle4Impl8InitPinsEv
                0x0800421c       0x58 ../../libDaisy/build\libdaisy.a(i2c.o)
                0x0800421c                daisy::I2CHandle::Impl::InitPins()
 .text.HAL_I2C_MspInit
                0x08004274      0x1b4 ../../libDaisy/build\libdaisy.a(i2c.o)
                0x08004274                HAL_I2C_MspInit
 .text.dsy_i2c_global_init
                0x08004428       0x78 ../../libDaisy/build\libdaisy.a(i2c.o)
                0x08004428                dsy_i2c_global_init
 .text.DMA1_Stream6_IRQHandler
                0x080044a0       0x34 ../../libDaisy/build\libdaisy.a(i2c.o)
                0x080044a0                DMA1_Stream6_IRQHandler
 .text.I2C1_EV_IRQHandler
                0x080044d4        0xc ../../libDaisy/build\libdaisy.a(i2c.o)
                0x080044d4                I2C1_EV_IRQHandler
 .text.I2C2_EV_IRQHandler
                0x080044e0        0xc ../../libDaisy/build\libdaisy.a(i2c.o)
                0x080044e0                I2C2_EV_IRQHandler
 .text.I2C3_EV_IRQHandler
                0x080044ec        0xc ../../libDaisy/build\libdaisy.a(i2c.o)
                0x080044ec                I2C3_EV_IRQHandler
 .text._ZN5daisy9I2CHandle4InitERKNS0_6ConfigE
                0x080044f8      0x12c ../../libDaisy/build\libdaisy.a(i2c.o)
                0x080044f8                daisy::I2CHandle::Init(daisy::I2CHandle::Config const&)
 .text._ZN5daisy9I2CHandle16TransmitBlockingEtPhtm
                0x08004624       0x50 ../../libDaisy/build\libdaisy.a(i2c.o)
                0x08004624                daisy::I2CHandle::TransmitBlocking(unsigned short, unsigned char*, unsigned short, unsigned long)
 .text.startup._GLOBAL__sub_I__ZN5daisy9I2CHandle4Impl10GlobalInitEv
                0x08004674       0x18 ../../libDaisy/build\libdaisy.a(i2c.o)
 .text._ZN5daisy10QSPIHandle4Impl11WriteEnableEv
                0x0800468c       0x8c ../../libDaisy/build\libdaisy.a(qspi.o)
                0x0800468c                daisy::QSPIHandle::Impl::WriteEnable()
 .text._ZN5daisy10QSPIHandle4Impl17DummyCyclesConfigENS0_6Config6DeviceE
                0x08004718      0x118 ../../libDaisy/build\libdaisy.a(qspi.o)
                0x08004718                daisy::QSPIHandle::Impl::DummyCyclesConfig(daisy::QSPIHandle::Config::Device)
 .text._ZN5daisy10QSPIHandle4Impl10QuadEnableEv
                0x08004830      0x158 ../../libDaisy/build\libdaisy.a(qspi.o)
                0x08004830                daisy::QSPIHandle::Impl::QuadEnable()
 .text._ZN5daisy10QSPIHandle4InitERKNS0_6ConfigE
                0x08004988      0x198 ../../libDaisy/build\libdaisy.a(qspi.o)
                0x08004988                daisy::QSPIHandle::Init(daisy::QSPIHandle::Config const&)
 .text.HAL_QSPI_MspInit
                0x08004b20      0x11c ../../libDaisy/build\libdaisy.a(qspi.o)
                0x08004b20                HAL_QSPI_MspInit
 .text.HAL_QSPI_MspDeInit
                0x08004c3c       0x54 ../../libDaisy/build\libdaisy.a(qspi.o)
                0x08004c3c                HAL_QSPI_MspDeInit
 .text.QUADSPI_IRQHandler
                0x08004c90        0xc ../../libDaisy/build\libdaisy.a(qspi.o)
                0x08004c90                QUADSPI_IRQHandler
 .text.startup._GLOBAL__sub_I__ZN5daisy10QSPIHandle4Impl4InitERKNS0_6ConfigE
                0x08004c9c       0x28 ../../libDaisy/build\libdaisy.a(qspi.o)
 .text._ZN5daisy9SaiHandle4Impl7InitDmaENS1_15PeripheralBlockE
                0x08004cc4       0xa0 ../../libDaisy/build\libdaisy.a(sai.o)
                0x08004cc4                daisy::SaiHandle::Impl::InitDma(daisy::SaiHandle::Impl::PeripheralBlock)
 .text._ZN5daisy9SaiHandle4Impl8InitPinsEv
                0x08004d64       0xa8 ../../libDaisy/build\libdaisy.a(sai.o)
                0x08004d64                daisy::SaiHandle::Impl::InitPins()
 .text.HAL_SAI_MspInit
                0x08004e0c      0x164 ../../libDaisy/build\libdaisy.a(sai.o)
                0x08004e0c                HAL_SAI_MspInit
 .text.DMA1_Stream0_IRQHandler
                0x08004f70        0xc ../../libDaisy/build\libdaisy.a(sai.o)
                0x08004f70                DMA1_Stream0_IRQHandler
 .text.DMA1_Stream1_IRQHandler
                0x08004f7c        0xc ../../libDaisy/build\libdaisy.a(sai.o)
                0x08004f7c                DMA1_Stream1_IRQHandler
 .text.DMA1_Stream3_IRQHandler
                0x08004f88        0xc ../../libDaisy/build\libdaisy.a(sai.o)
                0x08004f88                DMA1_Stream3_IRQHandler
 .text.DMA1_Stream4_IRQHandler
                0x08004f94        0xc ../../libDaisy/build\libdaisy.a(sai.o)
                0x08004f94                DMA1_Stream4_IRQHandler
 .text.HAL_SAI_RxHalfCpltCallback
                0x08004fa0       0x78 ../../libDaisy/build\libdaisy.a(sai.o)
                0x08004fa0                HAL_SAI_RxHalfCpltCallback
 .text.HAL_SAI_RxCpltCallback
                0x08005018       0x70 ../../libDaisy/build\libdaisy.a(sai.o)
                0x08005018                HAL_SAI_RxCpltCallback
 .text._ZN5daisy9SaiHandle4InitERKNS0_6ConfigE
                0x08005088      0x1f0 ../../libDaisy/build\libdaisy.a(sai.o)
                0x08005088                daisy::SaiHandle::Init(daisy::SaiHandle::Config const&)
 .text._ZNK5daisy9SaiHandle9GetConfigEv
                0x08005278        0x4 ../../libDaisy/build\libdaisy.a(sai.o)
                0x08005278                daisy::SaiHandle::GetConfig() const
 .text._ZN5daisy9SaiHandle8StartDmaEPlS1_jPFvS1_S1_jE
                0x0800527c       0xbc ../../libDaisy/build\libdaisy.a(sai.o)
                0x0800527c                daisy::SaiHandle::StartDma(long*, long*, unsigned int, void (*)(long*, long*, unsigned int))
 .text._ZN5daisy9SaiHandle13GetSampleRateEv
                0x08005338       0x24 ../../libDaisy/build\libdaisy.a(sai.o)
                0x08005338                daisy::SaiHandle::GetSampleRate()
 .text._ZNK5daisy9SaiHandle9GetOffsetEv
                0x0800535c        0x8 ../../libDaisy/build\libdaisy.a(sai.o)
                0x0800535c                daisy::SaiHandle::GetOffset() const
 .text._ZN5daisy11UartHandler4Impl8InitPinsEv
                0x08005364      0x15c ../../libDaisy/build\libdaisy.a(uart.o)
                0x08005364                daisy::UartHandler::Impl::InitPins()
 .text._ZN5daisy11UartHandler4Impl14UARTRxCompleteEv
                0x080054c0       0xfc ../../libDaisy/build\libdaisy.a(uart.o)
                0x080054c0                daisy::UartHandler::Impl::UARTRxComplete()
 .text.HAL_UART_ErrorCallback
                0x080055bc       0x94 ../../libDaisy/build\libdaisy.a(uart.o)
                0x080055bc                HAL_UART_ErrorCallback
 .text.HAL_UART_MspInit
                0x08005650      0x28c ../../libDaisy/build\libdaisy.a(uart.o)
                0x08005650                HAL_UART_MspInit
 .text.USART1_IRQHandler
                0x080058dc       0xa8 ../../libDaisy/build\libdaisy.a(uart.o)
                0x080058dc                USART1_IRQHandler
 .text.USART2_IRQHandler
                0x08005984       0xac ../../libDaisy/build\libdaisy.a(uart.o)
                0x08005984                USART2_IRQHandler
 .text.USART3_IRQHandler
                0x08005a30       0xac ../../libDaisy/build\libdaisy.a(uart.o)
                0x08005a30                USART3_IRQHandler
 .text.UART4_IRQHandler
                0x08005adc       0xac ../../libDaisy/build\libdaisy.a(uart.o)
                0x08005adc                UART4_IRQHandler
 .text.UART5_IRQHandler
                0x08005b88       0xac ../../libDaisy/build\libdaisy.a(uart.o)
                0x08005b88                UART5_IRQHandler
 .text.USART6_IRQHandler
                0x08005c34       0xac ../../libDaisy/build\libdaisy.a(uart.o)
                0x08005c34                USART6_IRQHandler
 .text.UART7_IRQHandler
                0x08005ce0       0xac ../../libDaisy/build\libdaisy.a(uart.o)
                0x08005ce0                UART7_IRQHandler
 .text.UART8_IRQHandler
                0x08005d8c       0xac ../../libDaisy/build\libdaisy.a(uart.o)
                0x08005d8c                UART8_IRQHandler
 .text.LPUART1_IRQHandler
                0x08005e38       0xb4 ../../libDaisy/build\libdaisy.a(uart.o)
                0x08005e38                LPUART1_IRQHandler
 .text.DMA1_Stream5_IRQHandler
                0x08005eec        0xc ../../libDaisy/build\libdaisy.a(uart.o)
                0x08005eec                DMA1_Stream5_IRQHandler
 .text._ZN5daisy11UartHandler4InitERKNS0_6ConfigE
                0x08005ef8      0x104 ../../libDaisy/build\libdaisy.a(uart.o)
                0x08005ef8                daisy::UartHandler::Init(daisy::UartHandler::Config const&)
 .text.startup._GLOBAL__sub_I__Z19MapInstanceToHandleP13USART_TypeDef
                0x08005ffc      0x140 ../../libDaisy/build\libdaisy.a(uart.o)
 .text._ZN5daisy11TimerHandleD2Ev
                0x0800613c        0x4 ../../libDaisy/build\libdaisy.a(system.o)
                0x0800613c                daisy::TimerHandle::~TimerHandle()
                0x0800613c                daisy::TimerHandle::~TimerHandle()
 .text.SysTick_Handler
                0x08006140       0x10 ../../libDaisy/build\libdaisy.a(system.o)
                0x08006140                SysTick_Handler
 .text.OTG_HS_EP1_OUT_IRQHandler
                0x08006150       0x24 ../../libDaisy/build\libdaisy.a(system.o)
                0x08006150                OTG_HS_EP1_OUT_IRQHandler
 .text.OTG_HS_EP1_IN_IRQHandler
                0x08006174       0x24 ../../libDaisy/build\libdaisy.a(system.o)
                0x08006174                OTG_HS_EP1_IN_IRQHandler
 .text.OTG_HS_IRQHandler
                0x08006198       0x24 ../../libDaisy/build\libdaisy.a(system.o)
                0x08006198                OTG_HS_IRQHandler
 .text.HardFault_Handler
                0x080061bc        0x4 ../../libDaisy/build\libdaisy.a(system.o)
                0x080061bc                HardFault_Handler
 .text._ZN5daisy6System6GetNowEv
                0x080061c0        0x4 ../../libDaisy/build\libdaisy.a(system.o)
                0x080061c0                daisy::System::GetNow()
 .text._ZN5daisy6System5DelayEm
                0x080061c4        0x4 ../../libDaisy/build\libdaisy.a(system.o)
                0x080061c4                daisy::System::Delay(unsigned long)
 .text._ZN5daisy6System15ConfigureClocksEv
                0x080061c8      0x194 ../../libDaisy/build\libdaisy.a(system.o)
                0x080061c8                daisy::System::ConfigureClocks()
 .text._ZN5daisy6System4InitERKNS0_6ConfigE
                0x0800635c      0x12c ../../libDaisy/build\libdaisy.a(system.o)
                0x0800635c                daisy::System::Init(daisy::System::Config const&)
 .text._ZN5daisy6System12GetPClk1FreqEv
                0x08006488        0x4 ../../libDaisy/build\libdaisy.a(system.o)
                0x08006488                daisy::System::GetPClk1Freq()
 .text._ZN5daisy6System22GetProgramMemoryRegionEv
                0x0800648c       0x78 ../../libDaisy/build\libdaisy.a(system.o)
                0x0800648c                daisy::System::GetProgramMemoryRegion()
 .text.startup._GLOBAL__sub_I_SysTick_Handler
                0x08006504       0x1c ../../libDaisy/build\libdaisy.a(system.o)
 .text.SystemInit
                0x08006520       0x9c ../../libDaisy/build\libdaisy.a(system_stm32h7xx.o)
                0x08006520                SystemInit
 .text.HAL_PCD_SetupStageCallback
                0x080065bc        0xc ../../libDaisy/build\libdaisy.a(usbd_conf.o)
                0x080065bc                HAL_PCD_SetupStageCallback
 .text.HAL_PCD_DataOutStageCallback
                0x080065c8       0x14 ../../libDaisy/build\libdaisy.a(usbd_conf.o)
                0x080065c8                HAL_PCD_DataOutStageCallback
 .text.HAL_PCD_DataInStageCallback
                0x080065dc       0x14 ../../libDaisy/build\libdaisy.a(usbd_conf.o)
                0x080065dc                HAL_PCD_DataInStageCallback
 .text.HAL_PCD_SOFCallback
                0x080065f0        0x8 ../../libDaisy/build\libdaisy.a(usbd_conf.o)
                0x080065f0                HAL_PCD_SOFCallback
 .text.HAL_PCD_ResetCallback
                0x080065f8       0x24 ../../libDaisy/build\libdaisy.a(usbd_conf.o)
                0x080065f8                HAL_PCD_ResetCallback
 .text.HAL_PCD_SuspendCallback
                0x0800661c       0x30 ../../libDaisy/build\libdaisy.a(usbd_conf.o)
                0x0800661c                HAL_PCD_SuspendCallback
 .text.HAL_PCD_ResumeCallback
                0x0800664c        0x8 ../../libDaisy/build\libdaisy.a(usbd_conf.o)
                0x0800664c                HAL_PCD_ResumeCallback
 .text.HAL_PCD_ISOOUTIncompleteCallback
                0x08006654        0x8 ../../libDaisy/build\libdaisy.a(usbd_conf.o)
                0x08006654                HAL_PCD_ISOOUTIncompleteCallback
 .text.HAL_PCD_ISOINIncompleteCallback
                0x0800665c        0x8 ../../libDaisy/build\libdaisy.a(usbd_conf.o)
                0x0800665c                HAL_PCD_ISOINIncompleteCallback
 .text.HAL_PCD_ConnectCallback
                0x08006664        0x8 ../../libDaisy/build\libdaisy.a(usbd_conf.o)
                0x08006664                HAL_PCD_ConnectCallback
 .text.HAL_PCD_DisconnectCallback
                0x0800666c        0x8 ../../libDaisy/build\libdaisy.a(usbd_conf.o)
                0x0800666c                HAL_PCD_DisconnectCallback
 .text.USBD_LL_OpenEP
                0x08006674       0x24 ../../libDaisy/build\libdaisy.a(usbd_conf.o)
                0x08006674                USBD_LL_OpenEP
 .text.USBD_LL_StallEP
                0x08006698       0x1c ../../libDaisy/build\libdaisy.a(usbd_conf.o)
                0x08006698                USBD_LL_StallEP
 .text.USBD_LL_ClearStallEP
                0x080066b4       0x1c ../../libDaisy/build\libdaisy.a(usbd_conf.o)
                0x080066b4                USBD_LL_ClearStallEP
 .text.USBD_LL_IsStallEP
                0x080066d0       0x28 ../../libDaisy/build\libdaisy.a(usbd_conf.o)
                0x080066d0                USBD_LL_IsStallEP
 .text.USBD_LL_SetUSBAddress
                0x080066f8       0x1c ../../libDaisy/build\libdaisy.a(usbd_conf.o)
                0x080066f8                USBD_LL_SetUSBAddress
 .text.USBD_LL_Transmit
                0x08006714       0x1c ../../libDaisy/build\libdaisy.a(usbd_conf.o)
                0x08006714                USBD_LL_Transmit
 .text.USBD_LL_PrepareReceive
                0x08006730       0x1c ../../libDaisy/build\libdaisy.a(usbd_conf.o)
                0x08006730                USBD_LL_PrepareReceive
 .text.HAL_HCD_SOF_Callback
                0x0800674c        0x8 ../../libDaisy/build\libdaisy.a(usbh_conf.o)
                0x0800674c                HAL_HCD_SOF_Callback
 .text.HAL_HCD_Connect_Callback
                0x08006754        0x8 ../../libDaisy/build\libdaisy.a(usbh_conf.o)
                0x08006754                HAL_HCD_Connect_Callback
 .text.HAL_HCD_Disconnect_Callback
                0x0800675c        0x8 ../../libDaisy/build\libdaisy.a(usbh_conf.o)
                0x0800675c                HAL_HCD_Disconnect_Callback
 .text.HAL_HCD_HC_NotifyURBChange_Callback
                0x08006764        0x4 ../../libDaisy/build\libdaisy.a(usbh_conf.o)
                0x08006764                HAL_HCD_HC_NotifyURBChange_Callback
 .text.HAL_HCD_PortEnabled_Callback
                0x08006768        0x8 ../../libDaisy/build\libdaisy.a(usbh_conf.o)
                0x08006768                HAL_HCD_PortEnabled_Callback
 .text.HAL_HCD_PortDisabled_Callback
                0x08006770        0x8 ../../libDaisy/build\libdaisy.a(usbh_conf.o)
                0x08006770                HAL_HCD_PortDisabled_Callback
 .text.USBH_LL_Stop
                0x08006778       0x1c ../../libDaisy/build\libdaisy.a(usbh_conf.o)
                0x08006778                USBH_LL_Stop
 .text._ZN5daisy5Color4InitENS0_11PresetColorE
                0x08006794       0x20 ../../libDaisy/build\libdaisy.a(color.o)
                0x08006794                daisy::Color::Init(daisy::Color::PresetColor)
 .text.dsy_hal_map_get_port
                0x080067b4       0x10 ../../libDaisy/build\libdaisy.a(hal_map.o)
                0x080067b4                dsy_hal_map_get_port
 .text.dsy_hal_map_get_pin
                0x080067c4       0x10 ../../libDaisy/build\libdaisy.a(hal_map.o)
                0x080067c4                dsy_hal_map_get_pin
 .text.dsy_hal_map_gpio_clk_enable
                0x080067d4      0x150 ../../libDaisy/build\libdaisy.a(hal_map.o)
                0x080067d4                dsy_hal_map_gpio_clk_enable
 .text.HAL_MspInit
                0x08006924        0x4 ../../libDaisy/build\libdaisy.a(stm32h7xx_hal.o)
                0x08006924                HAL_MspInit
 .text.HAL_InitTick
                0x08006928       0x4c ../../libDaisy/build\libdaisy.a(stm32h7xx_hal.o)
                0x08006928                HAL_InitTick
 .text.HAL_Init
                0x08006974       0x60 ../../libDaisy/build\libdaisy.a(stm32h7xx_hal.o)
                0x08006974                HAL_Init
 .text.HAL_IncTick
                0x080069d4       0x18 ../../libDaisy/build\libdaisy.a(stm32h7xx_hal.o)
                0x080069d4                HAL_IncTick
 .text.HAL_GetTick
                0x080069ec        0xc ../../libDaisy/build\libdaisy.a(stm32h7xx_hal.o)
                0x080069ec                HAL_GetTick
 .text.HAL_Delay
                0x080069f8       0x24 ../../libDaisy/build\libdaisy.a(stm32h7xx_hal.o)
                0x080069f8                HAL_Delay
 .text.HAL_GetREVID
                0x08006a1c        0xc ../../libDaisy/build\libdaisy.a(stm32h7xx_hal.o)
                0x08006a1c                HAL_GetREVID
 .text.HAL_ADC_ConvHalfCpltCallback
                0x08006a28        0x4 ../../libDaisy/build\libdaisy.a(stm32h7xx_hal_adc.o)
                0x08006a28                HAL_ADC_ConvHalfCpltCallback
 .text.ADC_DMAHalfConvCplt
                0x08006a2c        0xc ../../libDaisy/build\libdaisy.a(stm32h7xx_hal_adc.o)
                0x08006a2c                ADC_DMAHalfConvCplt
 .text.ADC_DMAConvCplt
                0x08006a38       0x6c ../../libDaisy/build\libdaisy.a(stm32h7xx_hal_adc.o)
                0x08006a38                ADC_DMAConvCplt
 .text.ADC_DMAError
                0x08006aa4       0x1c ../../libDaisy/build\libdaisy.a(stm32h7xx_hal_adc.o)
                0x08006aa4                ADC_DMAError
 .text.HAL_ADC_ConfigChannel
                0x08006ac0      0x3fc ../../libDaisy/build\libdaisy.a(stm32h7xx_hal_adc.o)
                0x08006ac0                HAL_ADC_ConfigChannel
 .text.ADC_Enable
                0x08006ebc       0xac ../../libDaisy/build\libdaisy.a(stm32h7xx_hal_adc.o)
                0x08006ebc                ADC_Enable
 .text.HAL_ADC_Start_DMA
                0x08006f68      0x114 ../../libDaisy/build\libdaisy.a(stm32h7xx_hal_adc.o)
                0x08006f68                HAL_ADC_Start_DMA
 .text.ADC_Disable
                0x0800707c       0x68 ../../libDaisy/build\libdaisy.a(stm32h7xx_hal_adc.o)
                0x0800707c                ADC_Disable
 .text.ADC_ConfigureBoostMode
                0x080070e4      0x184 ../../libDaisy/build\libdaisy.a(stm32h7xx_hal_adc.o)
                0x080070e4                ADC_ConfigureBoostMode
 .text.HAL_ADC_Init
                0x08007268      0x218 ../../libDaisy/build\libdaisy.a(stm32h7xx_hal_adc.o)
                0x08007268                HAL_ADC_Init
 .text.HAL_ADCEx_Calibration_Start
                0x08007480       0xa4 ../../libDaisy/build\libdaisy.a(stm32h7xx_hal_adc_ex.o)
                0x08007480                HAL_ADCEx_Calibration_Start
 .text.HAL_ADCEx_MultiModeConfigChannel
                0x08007524       0xc4 ../../libDaisy/build\libdaisy.a(stm32h7xx_hal_adc_ex.o)
                0x08007524                HAL_ADCEx_MultiModeConfigChannel
 .text.HAL_NVIC_SetPriorityGrouping
                0x080075e8       0x24 ../../libDaisy/build\libdaisy.a(stm32h7xx_hal_cortex.o)
                0x080075e8                HAL_NVIC_SetPriorityGrouping
 .text.HAL_NVIC_SetPriority
                0x0800760c       0x7c ../../libDaisy/build\libdaisy.a(stm32h7xx_hal_cortex.o)
                0x0800760c                HAL_NVIC_SetPriority
 .text.HAL_NVIC_EnableIRQ
                0x08007688       0x1c ../../libDaisy/build\libdaisy.a(stm32h7xx_hal_cortex.o)
                0x08007688                HAL_NVIC_EnableIRQ
 .text.HAL_NVIC_DisableIRQ
                0x080076a4       0x28 ../../libDaisy/build\libdaisy.a(stm32h7xx_hal_cortex.o)
                0x080076a4                HAL_NVIC_DisableIRQ
 .text.HAL_SYSTICK_Config
                0x080076cc       0x2c ../../libDaisy/build\libdaisy.a(stm32h7xx_hal_cortex.o)
                0x080076cc                HAL_SYSTICK_Config
 .text.HAL_MPU_Disable
                0x080076f8       0x1c ../../libDaisy/build\libdaisy.a(stm32h7xx_hal_cortex.o)
                0x080076f8                HAL_MPU_Disable
 .text.HAL_MPU_Enable
                0x08007714       0x20 ../../libDaisy/build\libdaisy.a(stm32h7xx_hal_cortex.o)
                0x08007714                HAL_MPU_Enable
 .text.HAL_MPU_ConfigRegion
                0x08007734       0x64 ../../libDaisy/build\libdaisy.a(stm32h7xx_hal_cortex.o)
                0x08007734                HAL_MPU_ConfigRegion
 .text.HAL_SYSTICK_Callback
                0x08007798        0x4 ../../libDaisy/build\libdaisy.a(stm32h7xx_hal_cortex.o)
                0x08007798                HAL_SYSTICK_Callback
 .text.HAL_SYSTICK_IRQHandler
                0x0800779c        0x8 ../../libDaisy/build\libdaisy.a(stm32h7xx_hal_cortex.o)
                0x0800779c                HAL_SYSTICK_IRQHandler
 .text.DMA_CalcBaseAndBitshift
                0x080077a4       0xf4 ../../libDaisy/build\libdaisy.a(stm32h7xx_hal_dma.o)
 .text.DMA_CalcDMAMUXChannelBaseAndMask
                0x08007898       0xd8 ../../libDaisy/build\libdaisy.a(stm32h7xx_hal_dma.o)
 .text.HAL_DMA_Init
                0x08007970      0x37c ../../libDaisy/build\libdaisy.a(stm32h7xx_hal_dma.o)
                0x08007970                HAL_DMA_Init
 .text.HAL_DMA_Start_IT
                0x08007cec      0x240 ../../libDaisy/build\libdaisy.a(stm32h7xx_hal_dma.o)
                0x08007cec                HAL_DMA_Start_IT
 .text.HAL_DMA_Abort_IT
                0x08007f2c      0x134 ../../libDaisy/build\libdaisy.a(stm32h7xx_hal_dma.o)
                0x08007f2c                HAL_DMA_Abort_IT
 .text.HAL_DMA_IRQHandler
                0x08008060      0x6a0 ../../libDaisy/build\libdaisy.a(stm32h7xx_hal_dma.o)
                0x08008060                HAL_DMA_IRQHandler
 .text.HAL_DMA_GetError
                0x08008700        0x4 ../../libDaisy/build\libdaisy.a(stm32h7xx_hal_dma.o)
                0x08008700                HAL_DMA_GetError
 .text.HAL_GPIO_Init
                0x08008704      0x280 ../../libDaisy/build\libdaisy.a(stm32h7xx_hal_gpio.o)
                0x08008704                HAL_GPIO_Init
 .text.HAL_GPIO_DeInit
                0x08008984      0x190 ../../libDaisy/build\libdaisy.a(stm32h7xx_hal_gpio.o)
                0x08008984                HAL_GPIO_DeInit
 .text.HAL_GPIO_ReadPin
                0x08008b14        0xc ../../libDaisy/build\libdaisy.a(stm32h7xx_hal_gpio.o)
                0x08008b14                HAL_GPIO_ReadPin
 .text.HAL_GPIO_WritePin
                0x08008b20        0x8 ../../libDaisy/build\libdaisy.a(stm32h7xx_hal_gpio.o)
                0x08008b20                HAL_GPIO_WritePin
 .text.HAL_HCD_IRQHandler
                0x08008b28      0x780 ../../libDaisy/build\libdaisy.a(stm32h7xx_hal_hcd.o)
                0x08008b28                HAL_HCD_IRQHandler
 .text.HAL_HCD_Stop
                0x080092a8       0x28 ../../libDaisy/build\libdaisy.a(stm32h7xx_hal_hcd.o)
                0x080092a8                HAL_HCD_Stop
 .text.I2C_WaitOnTXISFlagUntilTimeout
                0x080092d0       0xb8 ../../libDaisy/build\libdaisy.a(stm32h7xx_hal_i2c.o)
 .text.I2C_WaitOnSTOPFlagUntilTimeout
                0x08009388       0xac ../../libDaisy/build\libdaisy.a(stm32h7xx_hal_i2c.o)
 .text.HAL_I2C_Init
                0x08009434       0xac ../../libDaisy/build\libdaisy.a(stm32h7xx_hal_i2c.o)
                0x08009434                HAL_I2C_Init
 .text.HAL_I2C_Master_Transmit
                0x080094e0      0x1a8 ../../libDaisy/build\libdaisy.a(stm32h7xx_hal_i2c.o)
                0x080094e0                HAL_I2C_Master_Transmit
 .text.HAL_I2C_Slave_Transmit
                0x08009688      0x1c8 ../../libDaisy/build\libdaisy.a(stm32h7xx_hal_i2c.o)
                0x08009688                HAL_I2C_Slave_Transmit
 .text.HAL_I2C_EV_IRQHandler
                0x08009850       0x10 ../../libDaisy/build\libdaisy.a(stm32h7xx_hal_i2c.o)
                0x08009850                HAL_I2C_EV_IRQHandler
 .text.HAL_I2C_GetState
                0x08009860        0x8 ../../libDaisy/build\libdaisy.a(stm32h7xx_hal_i2c.o)
                0x08009860                HAL_I2C_GetState
 .text.HAL_I2CEx_ConfigAnalogFilter
                0x08009868       0x54 ../../libDaisy/build\libdaisy.a(stm32h7xx_hal_i2c_ex.o)
                0x08009868                HAL_I2CEx_ConfigAnalogFilter
 .text.HAL_I2CEx_ConfigDigitalFilter
                0x080098bc       0x58 ../../libDaisy/build\libdaisy.a(stm32h7xx_hal_i2c_ex.o)
                0x080098bc                HAL_I2CEx_ConfigDigitalFilter
 .text.HAL_PCD_IRQHandler
                0x08009914      0x69c ../../libDaisy/build\libdaisy.a(stm32h7xx_hal_pcd.o)
                0x08009914                HAL_PCD_IRQHandler
 .text.HAL_PCD_SetAddress
                0x08009fb0       0x2c ../../libDaisy/build\libdaisy.a(stm32h7xx_hal_pcd.o)
                0x08009fb0                HAL_PCD_SetAddress
 .text.HAL_PCD_EP_Open
                0x08009fdc       0x7c ../../libDaisy/build\libdaisy.a(stm32h7xx_hal_pcd.o)
                0x08009fdc                HAL_PCD_EP_Open
 .text.HAL_PCD_EP_Receive
                0x0800a058       0x50 ../../libDaisy/build\libdaisy.a(stm32h7xx_hal_pcd.o)
                0x0800a058                HAL_PCD_EP_Receive
 .text.HAL_PCD_EP_Transmit
                0x0800a0a8       0x50 ../../libDaisy/build\libdaisy.a(stm32h7xx_hal_pcd.o)
                0x0800a0a8                HAL_PCD_EP_Transmit
 .text.HAL_PCD_EP_SetStall
                0x0800a0f8       0x88 ../../libDaisy/build\libdaisy.a(stm32h7xx_hal_pcd.o)
                0x0800a0f8                HAL_PCD_EP_SetStall
 .text.HAL_PCD_EP_ClrStall
                0x0800a180       0x78 ../../libDaisy/build\libdaisy.a(stm32h7xx_hal_pcd.o)
                0x0800a180                HAL_PCD_EP_ClrStall
 .text.HAL_PCDEx_LPM_Callback
                0x0800a1f8        0x4 ../../libDaisy/build\libdaisy.a(stm32h7xx_hal_pcd_ex.o)
                0x0800a1f8                HAL_PCDEx_LPM_Callback
 .text.HAL_PWREx_ConfigSupply
                0x0800a1fc       0x4c ../../libDaisy/build\libdaisy.a(stm32h7xx_hal_pwr_ex.o)
                0x0800a1fc                HAL_PWREx_ConfigSupply
 .text.HAL_PWREx_EnableUSBVoltageDetector
                0x0800a248       0x10 ../../libDaisy/build\libdaisy.a(stm32h7xx_hal_pwr_ex.o)
                0x0800a248                HAL_PWREx_EnableUSBVoltageDetector
 .text.QSPI_Config
                0x0800a258      0x174 ../../libDaisy/build\libdaisy.a(stm32h7xx_hal_qspi.o)
 .text.HAL_QSPI_Init
                0x0800a3cc       0xd8 ../../libDaisy/build\libdaisy.a(stm32h7xx_hal_qspi.o)
                0x0800a3cc                HAL_QSPI_Init
 .text.HAL_QSPI_DeInit
                0x0800a4a4       0x3c ../../libDaisy/build\libdaisy.a(stm32h7xx_hal_qspi.o)
                0x0800a4a4                HAL_QSPI_DeInit
 .text.HAL_QSPI_Command
                0x0800a4e0       0xd4 ../../libDaisy/build\libdaisy.a(stm32h7xx_hal_qspi.o)
                0x0800a4e0                HAL_QSPI_Command
 .text.HAL_QSPI_Transmit
                0x0800a5b4       0xfc ../../libDaisy/build\libdaisy.a(stm32h7xx_hal_qspi.o)
                0x0800a5b4                HAL_QSPI_Transmit
 .text.HAL_QSPI_Receive
                0x0800a6b0      0x108 ../../libDaisy/build\libdaisy.a(stm32h7xx_hal_qspi.o)
                0x0800a6b0                HAL_QSPI_Receive
 .text.HAL_QSPI_AutoPolling
                0x0800a7b8       0xf0 ../../libDaisy/build\libdaisy.a(stm32h7xx_hal_qspi.o)
                0x0800a7b8                HAL_QSPI_AutoPolling
 .text.HAL_QSPI_MemoryMapped
                0x0800a8a8       0xc0 ../../libDaisy/build\libdaisy.a(stm32h7xx_hal_qspi.o)
                0x0800a8a8                HAL_QSPI_MemoryMapped
 .text.HAL_QSPI_ErrorCallback
                0x0800a968        0x4 ../../libDaisy/build\libdaisy.a(stm32h7xx_hal_qspi.o)
                0x0800a968                HAL_QSPI_ErrorCallback
 .text.QSPI_DMAAbortCplt
                0x0800a96c       0x38 ../../libDaisy/build\libdaisy.a(stm32h7xx_hal_qspi.o)
 .text.HAL_QSPI_AbortCpltCallback
                0x0800a9a4        0x4 ../../libDaisy/build\libdaisy.a(stm32h7xx_hal_qspi.o)
                0x0800a9a4                HAL_QSPI_AbortCpltCallback
 .text.HAL_QSPI_CmdCpltCallback
                0x0800a9a8        0x4 ../../libDaisy/build\libdaisy.a(stm32h7xx_hal_qspi.o)
                0x0800a9a8                HAL_QSPI_CmdCpltCallback
 .text.HAL_QSPI_RxCpltCallback
                0x0800a9ac        0x4 ../../libDaisy/build\libdaisy.a(stm32h7xx_hal_qspi.o)
                0x0800a9ac                HAL_QSPI_RxCpltCallback
 .text.HAL_QSPI_TxCpltCallback
                0x0800a9b0        0x4 ../../libDaisy/build\libdaisy.a(stm32h7xx_hal_qspi.o)
                0x0800a9b0                HAL_QSPI_TxCpltCallback
 .text.HAL_QSPI_FifoThresholdCallback
                0x0800a9b4        0x4 ../../libDaisy/build\libdaisy.a(stm32h7xx_hal_qspi.o)
                0x0800a9b4                HAL_QSPI_FifoThresholdCallback
 .text.HAL_QSPI_StatusMatchCallback
                0x0800a9b8        0x4 ../../libDaisy/build\libdaisy.a(stm32h7xx_hal_qspi.o)
                0x0800a9b8                HAL_QSPI_StatusMatchCallback
 .text.HAL_QSPI_TimeOutCallback
                0x0800a9bc        0x4 ../../libDaisy/build\libdaisy.a(stm32h7xx_hal_qspi.o)
                0x0800a9bc                HAL_QSPI_TimeOutCallback
 .text.HAL_QSPI_IRQHandler
                0x0800a9c0      0x210 ../../libDaisy/build\libdaisy.a(stm32h7xx_hal_qspi.o)
                0x0800a9c0                HAL_QSPI_IRQHandler
 .text.HAL_RCC_OscConfig
                0x0800abd0      0x51c ../../libDaisy/build\libdaisy.a(stm32h7xx_hal_rcc.o)
                0x0800abd0                HAL_RCC_OscConfig
 .text.HAL_RCC_GetSysClockFreq
                0x0800b0ec      0x140 ../../libDaisy/build\libdaisy.a(stm32h7xx_hal_rcc.o)
                0x0800b0ec                HAL_RCC_GetSysClockFreq
 .text.HAL_RCC_ClockConfig
                0x0800b22c      0x234 ../../libDaisy/build\libdaisy.a(stm32h7xx_hal_rcc.o)
                0x0800b22c                HAL_RCC_ClockConfig
 .text.HAL_RCC_GetHCLKFreq
                0x0800b460       0x2c ../../libDaisy/build\libdaisy.a(stm32h7xx_hal_rcc.o)
                0x0800b460                HAL_RCC_GetHCLKFreq
 .text.HAL_RCC_GetPCLK1Freq
                0x0800b48c       0x38 ../../libDaisy/build\libdaisy.a(stm32h7xx_hal_rcc.o)
                0x0800b48c                HAL_RCC_GetPCLK1Freq
 .text.HAL_RCC_GetPCLK2Freq
                0x0800b4c4       0x38 ../../libDaisy/build\libdaisy.a(stm32h7xx_hal_rcc.o)
                0x0800b4c4                HAL_RCC_GetPCLK2Freq
 .text.RCCEx_PLL2_Config
                0x0800b4fc       0xf4 ../../libDaisy/build\libdaisy.a(stm32h7xx_hal_rcc_ex.o)
 .text.RCCEx_PLL3_Config
                0x0800b5f0       0xf4 ../../libDaisy/build\libdaisy.a(stm32h7xx_hal_rcc_ex.o)
 .text.HAL_RCCEx_PeriphCLKConfig
                0x0800b6e4      0xa7c ../../libDaisy/build\libdaisy.a(stm32h7xx_hal_rcc_ex.o)
                0x0800b6e4                HAL_RCCEx_PeriphCLKConfig
 .text.HAL_RCCEx_GetD3PCLK1Freq
                0x0800c160       0x24 ../../libDaisy/build\libdaisy.a(stm32h7xx_hal_rcc_ex.o)
                0x0800c160                HAL_RCCEx_GetD3PCLK1Freq
 .text.HAL_RCCEx_GetPLL2ClockFreq
                0x0800c184      0x17c ../../libDaisy/build\libdaisy.a(stm32h7xx_hal_rcc_ex.o)
                0x0800c184                HAL_RCCEx_GetPLL2ClockFreq
 .text.HAL_RCCEx_GetPLL3ClockFreq
                0x0800c300      0x17c ../../libDaisy/build\libdaisy.a(stm32h7xx_hal_rcc_ex.o)
                0x0800c300                HAL_RCCEx_GetPLL3ClockFreq
 .text.HAL_RCCEx_GetPLL1ClockFreq
                0x0800c47c      0x17c ../../libDaisy/build\libdaisy.a(stm32h7xx_hal_rcc_ex.o)
                0x0800c47c                HAL_RCCEx_GetPLL1ClockFreq
 .text.HAL_RCCEx_GetPeriphCLKFreq
                0x0800c5f8      0x198 ../../libDaisy/build\libdaisy.a(stm32h7xx_hal_rcc_ex.o)
                0x0800c5f8                HAL_RCCEx_GetPeriphCLKFreq
 .text.HAL_RCCEx_GetD1SysClockFreq
                0x0800c790       0x2c ../../libDaisy/build\libdaisy.a(stm32h7xx_hal_rcc_ex.o)
                0x0800c790                HAL_RCCEx_GetD1SysClockFreq
 .text.HAL_SAI_Init.part.0
                0x0800c7bc      0x348 ../../libDaisy/build\libdaisy.a(stm32h7xx_hal_sai.o)
 .text.HAL_SAI_InitProtocol
                0x0800cb04      0x178 ../../libDaisy/build\libdaisy.a(stm32h7xx_hal_sai.o)
                0x0800cb04                HAL_SAI_InitProtocol
 .text.HAL_SAI_Transmit_DMA
                0x0800cc7c      0x124 ../../libDaisy/build\libdaisy.a(stm32h7xx_hal_sai.o)
                0x0800cc7c                HAL_SAI_Transmit_DMA
 .text.HAL_SAI_Receive_DMA
                0x0800cda0       0xd0 ../../libDaisy/build\libdaisy.a(stm32h7xx_hal_sai.o)
                0x0800cda0                HAL_SAI_Receive_DMA
 .text.HAL_SAI_TxCpltCallback
                0x0800ce70        0x4 ../../libDaisy/build\libdaisy.a(stm32h7xx_hal_sai.o)
                0x0800ce70                HAL_SAI_TxCpltCallback
 .text.SAI_DMATxCplt
                0x0800ce74       0x64 ../../libDaisy/build\libdaisy.a(stm32h7xx_hal_sai.o)
 .text.HAL_SAI_TxHalfCpltCallback
                0x0800ced8        0x4 ../../libDaisy/build\libdaisy.a(stm32h7xx_hal_sai.o)
                0x0800ced8                HAL_SAI_TxHalfCpltCallback
 .text.SAI_DMATxHalfCplt
                0x0800cedc        0xc ../../libDaisy/build\libdaisy.a(stm32h7xx_hal_sai.o)
 .text.SAI_DMARxCplt
                0x0800cee8       0x64 ../../libDaisy/build\libdaisy.a(stm32h7xx_hal_sai.o)
 .text.SAI_DMARxHalfCplt
                0x0800cf4c        0xc ../../libDaisy/build\libdaisy.a(stm32h7xx_hal_sai.o)
 .text.HAL_SAI_ErrorCallback
                0x0800cf58        0x4 ../../libDaisy/build\libdaisy.a(stm32h7xx_hal_sai.o)
                0x0800cf58                HAL_SAI_ErrorCallback
 .text.SAI_DMAError
                0x0800cf5c       0x6c ../../libDaisy/build\libdaisy.a(stm32h7xx_hal_sai.o)
 .text.HAL_SDRAM_Init
                0x0800cfc8       0x54 ../../libDaisy/build\libdaisy.a(stm32h7xx_hal_sdram.o)
                0x0800cfc8                HAL_SDRAM_Init
 .text.HAL_SDRAM_SendCommand
                0x0800d01c       0x40 ../../libDaisy/build\libdaisy.a(stm32h7xx_hal_sdram.o)
                0x0800d01c                HAL_SDRAM_SendCommand
 .text.HAL_SDRAM_ProgramRefreshRate
                0x0800d05c       0x30 ../../libDaisy/build\libdaisy.a(stm32h7xx_hal_sdram.o)
                0x0800d05c                HAL_SDRAM_ProgramRefreshRate
 .text.HAL_UART_TxCpltCallback
                0x0800d08c        0x4 ../../libDaisy/build\libdaisy.a(stm32h7xx_hal_uart.o)
                0x0800d08c                HAL_UART_TxCpltCallback
 .text.HAL_UART_IRQHandler
                0x0800d090      0x1d0 ../../libDaisy/build\libdaisy.a(stm32h7xx_hal_uart.o)
                0x0800d090                HAL_UART_IRQHandler
 .text.UART_DMAAbortOnError
                0x0800d260       0x14 ../../libDaisy/build\libdaisy.a(stm32h7xx_hal_uart.o)
 .text.UART_SetConfig
                0x0800d274     0x14b8 ../../libDaisy/build\libdaisy.a(stm32h7xx_hal_uart.o)
                0x0800d274                UART_SetConfig
 .text.UART_AdvFeatureConfig
                0x0800e72c       0xb0 ../../libDaisy/build\libdaisy.a(stm32h7xx_hal_uart.o)
                0x0800e72c                UART_AdvFeatureConfig
 .text.UART_CheckIdleState
                0x0800e7dc       0x84 ../../libDaisy/build\libdaisy.a(stm32h7xx_hal_uart.o)
                0x0800e7dc                UART_CheckIdleState
 .text.HAL_UART_Init
                0x0800e860       0x68 ../../libDaisy/build\libdaisy.a(stm32h7xx_hal_uart.o)
                0x0800e860                HAL_UART_Init
 .text.HAL_UARTEx_WakeupCallback
                0x0800e8c8        0x4 ../../libDaisy/build\libdaisy.a(stm32h7xx_hal_uart_ex.o)
                0x0800e8c8                HAL_UARTEx_WakeupCallback
 .text.HAL_UARTEx_RxFifoFullCallback
                0x0800e8cc        0x4 ../../libDaisy/build\libdaisy.a(stm32h7xx_hal_uart_ex.o)
                0x0800e8cc                HAL_UARTEx_RxFifoFullCallback
 .text.HAL_UARTEx_TxFifoEmptyCallback
                0x0800e8d0        0x4 ../../libDaisy/build\libdaisy.a(stm32h7xx_hal_uart_ex.o)
                0x0800e8d0                HAL_UARTEx_TxFifoEmptyCallback
 .text.HAL_UARTEx_DisableFifoMode
                0x0800e8d4       0x3c ../../libDaisy/build\libdaisy.a(stm32h7xx_hal_uart_ex.o)
                0x0800e8d4                HAL_UARTEx_DisableFifoMode
 .text.HAL_UARTEx_SetTxFifoThreshold
                0x0800e910       0x9c ../../libDaisy/build\libdaisy.a(stm32h7xx_hal_uart_ex.o)
                0x0800e910                HAL_UARTEx_SetTxFifoThreshold
 .text.HAL_UARTEx_SetRxFifoThreshold
                0x0800e9ac       0x9c ../../libDaisy/build\libdaisy.a(stm32h7xx_hal_uart_ex.o)
                0x0800e9ac                HAL_UARTEx_SetRxFifoThreshold
 .text.FMC_SDRAM_Init
                0x0800ea48       0x7c ../../libDaisy/build\libdaisy.a(stm32h7xx_ll_fmc.o)
                0x0800ea48                FMC_SDRAM_Init
 .text.FMC_SDRAM_Timing_Init
                0x0800eac4       0x98 ../../libDaisy/build\libdaisy.a(stm32h7xx_ll_fmc.o)
                0x0800eac4                FMC_SDRAM_Timing_Init
 .text.FMC_SDRAM_SendCommand
                0x0800eb5c       0x28 ../../libDaisy/build\libdaisy.a(stm32h7xx_ll_fmc.o)
                0x0800eb5c                FMC_SDRAM_SendCommand
 .text.FMC_SDRAM_ProgramRefreshRate
                0x0800eb84       0x1c ../../libDaisy/build\libdaisy.a(stm32h7xx_ll_fmc.o)
                0x0800eb84                FMC_SDRAM_ProgramRefreshRate
 .text.USB_SetTurnaroundTime
                0x0800eba0       0xf4 ../../libDaisy/build\libdaisy.a(stm32h7xx_ll_usb.o)
                0x0800eba0                USB_SetTurnaroundTime
 .text.USB_FlushTxFifo
                0x0800ec94       0x24 ../../libDaisy/build\libdaisy.a(stm32h7xx_ll_usb.o)
                0x0800ec94                USB_FlushTxFifo
 .text.USB_GetDevSpeed
                0x0800ecb8       0x18 ../../libDaisy/build\libdaisy.a(stm32h7xx_ll_usb.o)
                0x0800ecb8                USB_GetDevSpeed
 .text.USB_ActivateEndpoint
                0x0800ecd0       0x90 ../../libDaisy/build\libdaisy.a(stm32h7xx_ll_usb.o)
                0x0800ecd0                USB_ActivateEndpoint
 .text.USB_EPStartXfer
                0x0800ed60      0x230 ../../libDaisy/build\libdaisy.a(stm32h7xx_ll_usb.o)
                0x0800ed60                USB_EPStartXfer
 .text.USB_EP0StartXfer
                0x0800ef90      0x174 ../../libDaisy/build\libdaisy.a(stm32h7xx_ll_usb.o)
                0x0800ef90                USB_EP0StartXfer
 .text.USB_WritePacket
                0x0800f104       0x2c ../../libDaisy/build\libdaisy.a(stm32h7xx_ll_usb.o)
                0x0800f104                USB_WritePacket
 .text.USB_ReadPacket
                0x0800f130       0x20 ../../libDaisy/build\libdaisy.a(stm32h7xx_ll_usb.o)
                0x0800f130                USB_ReadPacket
 .text.USB_EPSetStall
                0x0800f150       0x68 ../../libDaisy/build\libdaisy.a(stm32h7xx_ll_usb.o)
                0x0800f150                USB_EPSetStall
 .text.USB_EPClearStall
                0x0800f1b8       0x58 ../../libDaisy/build\libdaisy.a(stm32h7xx_ll_usb.o)
                0x0800f1b8                USB_EPClearStall
 .text.USB_SetDevAddress
                0x0800f210       0x24 ../../libDaisy/build\libdaisy.a(stm32h7xx_ll_usb.o)
                0x0800f210                USB_SetDevAddress
 .text.USB_ReadInterrupts
                0x0800f234        0x8 ../../libDaisy/build\libdaisy.a(stm32h7xx_ll_usb.o)
                0x0800f234                USB_ReadInterrupts
 .text.USB_ReadDevAllOutEpInterrupt
                0x0800f23c       0x10 ../../libDaisy/build\libdaisy.a(stm32h7xx_ll_usb.o)
                0x0800f23c                USB_ReadDevAllOutEpInterrupt
 .text.USB_ReadDevAllInEpInterrupt
                0x0800f24c       0x10 ../../libDaisy/build\libdaisy.a(stm32h7xx_ll_usb.o)
                0x0800f24c                USB_ReadDevAllInEpInterrupt
 .text.USB_ReadDevOutEPInterrupt
                0x0800f25c       0x14 ../../libDaisy/build\libdaisy.a(stm32h7xx_ll_usb.o)
                0x0800f25c                USB_ReadDevOutEPInterrupt
 .text.USB_ReadDevInEPInterrupt
                0x0800f270       0x20 ../../libDaisy/build\libdaisy.a(stm32h7xx_ll_usb.o)
                0x0800f270                USB_ReadDevInEPInterrupt
 .text.USB_GetMode
                0x0800f290        0x8 ../../libDaisy/build\libdaisy.a(stm32h7xx_ll_usb.o)
                0x0800f290                USB_GetMode
 .text.USB_ActivateSetup
                0x0800f298       0x38 ../../libDaisy/build\libdaisy.a(stm32h7xx_ll_usb.o)
                0x0800f298                USB_ActivateSetup
 .text.USB_EP0_OutStart
                0x0800f2d0       0x58 ../../libDaisy/build\libdaisy.a(stm32h7xx_ll_usb.o)
                0x0800f2d0                USB_EP0_OutStart
 .text.USB_InitFSLSPClkSel
                0x0800f328       0x44 ../../libDaisy/build\libdaisy.a(stm32h7xx_ll_usb.o)
                0x0800f328                USB_InitFSLSPClkSel
 .text.USB_HC_ReadInterrupt
                0x0800f36c        0x8 ../../libDaisy/build\libdaisy.a(stm32h7xx_ll_usb.o)
                0x0800f36c                USB_HC_ReadInterrupt
 .text.USB_HC_Halt
                0x0800f374       0xb4 ../../libDaisy/build\libdaisy.a(stm32h7xx_ll_usb.o)
                0x0800f374                USB_HC_Halt
 .text.USB_StopHost
                0x0800f428      0x184 ../../libDaisy/build\libdaisy.a(stm32h7xx_ll_usb.o)
                0x0800f428                USB_StopHost
 .text.USBD_SetClassConfig
                0x0800f5ac       0x14 ../../libDaisy/build\libdaisy.a(usbd_core.o)
                0x0800f5ac                USBD_SetClassConfig
 .text.USBD_ClrClassConfig
                0x0800f5c0       0x10 ../../libDaisy/build\libdaisy.a(usbd_core.o)
                0x0800f5c0                USBD_ClrClassConfig
 .text.USBD_LL_SetupStage
                0x0800f5d0       0x5c ../../libDaisy/build\libdaisy.a(usbd_core.o)
                0x0800f5d0                USBD_LL_SetupStage
 .text.USBD_LL_DataOutStage
                0x0800f62c       0x7c ../../libDaisy/build\libdaisy.a(usbd_core.o)
                0x0800f62c                USBD_LL_DataOutStage
 .text.USBD_LL_DataInStage
                0x0800f6a8       0xcc ../../libDaisy/build\libdaisy.a(usbd_core.o)
                0x0800f6a8                USBD_LL_DataInStage
 .text.USBD_LL_Reset
                0x0800f774       0x50 ../../libDaisy/build\libdaisy.a(usbd_core.o)
                0x0800f774                USBD_LL_Reset
 .text.USBD_LL_SetSpeed
                0x0800f7c4        0x8 ../../libDaisy/build\libdaisy.a(usbd_core.o)
                0x0800f7c4                USBD_LL_SetSpeed
 .text.USBD_LL_Suspend
                0x0800f7cc       0x14 ../../libDaisy/build\libdaisy.a(usbd_core.o)
                0x0800f7cc                USBD_LL_Suspend
 .text.USBD_LL_Resume
                0x0800f7e0       0x10 ../../libDaisy/build\libdaisy.a(usbd_core.o)
                0x0800f7e0                USBD_LL_Resume
 .text.USBD_LL_SOF
                0x0800f7f0       0x1c ../../libDaisy/build\libdaisy.a(usbd_core.o)
                0x0800f7f0                USBD_LL_SOF
 .text.USBD_LL_IsoINIncomplete
                0x0800f80c        0x4 ../../libDaisy/build\libdaisy.a(usbd_core.o)
                0x0800f80c                USBD_LL_IsoINIncomplete
 .text.USBD_LL_IsoOUTIncomplete
                0x0800f810        0x4 ../../libDaisy/build\libdaisy.a(usbd_core.o)
                0x0800f810                USBD_LL_IsoOUTIncomplete
 .text.USBD_LL_DevConnected
                0x0800f814        0x4 ../../libDaisy/build\libdaisy.a(usbd_core.o)
                0x0800f814                USBD_LL_DevConnected
 .text.USBD_LL_DevDisconnected
                0x0800f818       0x18 ../../libDaisy/build\libdaisy.a(usbd_core.o)
                0x0800f818                USBD_LL_DevDisconnected
 .text.USBD_StdDevReq
                0x0800f830      0x304 ../../libDaisy/build\libdaisy.a(usbd_ctlreq.o)
                0x0800f830                USBD_StdDevReq
 .text.USBD_StdItfReq
                0x0800fb34       0x68 ../../libDaisy/build\libdaisy.a(usbd_ctlreq.o)
                0x0800fb34                USBD_StdItfReq
 .text.USBD_StdEPReq
                0x0800fb9c      0x13c ../../libDaisy/build\libdaisy.a(usbd_ctlreq.o)
                0x0800fb9c                USBD_StdEPReq
 .text.USBD_ParseSetupRequest
                0x0800fcd8       0x28 ../../libDaisy/build\libdaisy.a(usbd_ctlreq.o)
                0x0800fcd8                USBD_ParseSetupRequest
 .text.USBD_CtlSendData
                0x0800fd00       0x1c ../../libDaisy/build\libdaisy.a(usbd_ioreq.o)
                0x0800fd00                USBD_CtlSendData
 .text.USBD_CtlContinueSendData
                0x0800fd1c       0x14 ../../libDaisy/build\libdaisy.a(usbd_ioreq.o)
                0x0800fd1c                USBD_CtlContinueSendData
 .text.USBD_CtlContinueRx
                0x0800fd30       0x14 ../../libDaisy/build\libdaisy.a(usbd_ioreq.o)
                0x0800fd30                USBD_CtlContinueRx
 .text.USBD_CtlSendStatus
                0x0800fd44       0x18 ../../libDaisy/build\libdaisy.a(usbd_ioreq.o)
                0x0800fd44                USBD_CtlSendStatus
 .text.USBD_CtlReceiveStatus
                0x0800fd5c       0x18 ../../libDaisy/build\libdaisy.a(usbd_ioreq.o)
                0x0800fd5c                USBD_CtlReceiveStatus
 .text.USBH_LL_IncTimer
                0x0800fd74       0x20 ../../libDaisy/build\libdaisy.a(usbh_core.o)
                0x0800fd74                USBH_LL_IncTimer
 .text.USBH_LL_PortEnabled
                0x0800fd94        0x8 ../../libDaisy/build\libdaisy.a(usbh_core.o)
                0x0800fd94                USBH_LL_PortEnabled
 .text.USBH_LL_PortDisabled
                0x0800fd9c        0x8 ../../libDaisy/build\libdaisy.a(usbh_core.o)
                0x0800fd9c                USBH_LL_PortDisabled
 .text.USBH_LL_Connect
                0x0800fda4       0x18 ../../libDaisy/build\libdaisy.a(usbh_core.o)
                0x0800fda4                USBH_LL_Connect
 .text.USBH_LL_Disconnect
                0x0800fdbc       0x2c ../../libDaisy/build\libdaisy.a(usbh_core.o)
                0x0800fdbc                USBH_LL_Disconnect
 .text.USBH_FreePipe
                0x0800fde8       0x18 ../../libDaisy/build\libdaisy.a(usbh_pipes.o)
                0x0800fde8                USBH_FreePipe
 .text._ZN5daisy3Led4InitE12dsy_gpio_pinbf
                0x0800fe00       0x48 ../../libDaisy/build\libdaisy.a(led.o)
                0x0800fe00                daisy::Led::Init(dsy_gpio_pin, bool, float)
 .text._ZN5daisy3Led3SetEf
                0x0800fe48       0x24 ../../libDaisy/build\libdaisy.a(led.o)
                0x0800fe48                daisy::Led::Set(float)
 .text._ZN5daisy3Led6UpdateEv
                0x0800fe6c       0x48 ../../libDaisy/build\libdaisy.a(led.o)
                0x0800fe6c                daisy::Led::Update()
 .text._ZN5daisy6Random4InitEv
                0x0800feb4       0x3c ../../libDaisy/build\libdaisy.a(rng.o)
                0x0800feb4                daisy::Random::Init()
 .text._ZN5daisy9SpiHandle4Impl10StartDmaTxEPhjPFvPvNS0_6ResultEES3_
                0x0800fef0       0xfc ../../libDaisy/build\libdaisy.a(spi.o)
                0x0800fef0                daisy::SpiHandle::Impl::StartDmaTx(unsigned char*, unsigned int, void (*)(void*, daisy::SpiHandle::Result), void*)
 .text._ZN5daisy9SpiHandle4Impl10StartDmaRxEPhjPFvPvNS0_6ResultEES3_
                0x0800ffec       0xfc ../../libDaisy/build\libdaisy.a(spi.o)
                0x0800ffec                daisy::SpiHandle::Impl::StartDmaRx(unsigned char*, unsigned int, void (*)(void*, daisy::SpiHandle::Result), void*)
 .text._ZN5daisy9SpiHandle4Impl8InitPinsEv
                0x080100e8      0x274 ../../libDaisy/build\libdaisy.a(spi.o)
                0x080100e8                daisy::SpiHandle::Impl::InitPins()
 .text.HAL_SPI_MspInit
                0x0801035c      0x1a8 ../../libDaisy/build\libdaisy.a(spi.o)
                0x0801035c                HAL_SPI_MspInit
 .text.dsy_spi_global_init
                0x08010504       0x6c ../../libDaisy/build\libdaisy.a(spi.o)
                0x08010504                dsy_spi_global_init
 .text.SPI1_IRQHandler
                0x08010570        0xc ../../libDaisy/build\libdaisy.a(spi.o)
                0x08010570                SPI1_IRQHandler
 .text.DMA1_Stream7_IRQHandler
                0x0801057c       0x34 ../../libDaisy/build\libdaisy.a(spi.o)
                0x0801057c                DMA1_Stream7_IRQHandler
 .text.HAL_SPI_TxCpltCallback
                0x080105b0       0x90 ../../libDaisy/build\libdaisy.a(spi.o)
                0x080105b0                HAL_SPI_TxCpltCallback
 .text.HAL_SPI_RxCpltCallback
                0x08010640       0x90 ../../libDaisy/build\libdaisy.a(spi.o)
                0x08010640                HAL_SPI_RxCpltCallback
 .text.HAL_SPI_ErrorCallback
                0x080106d0       0x94 ../../libDaisy/build\libdaisy.a(spi.o)
                0x080106d0                HAL_SPI_ErrorCallback
 .text.startup._GLOBAL__sub_I__Z19MapInstanceToHandleP11SPI_TypeDef
                0x08010764      0x168 ../../libDaisy/build\libdaisy.a(spi.o)
 .text.HAL_TIM_Base_MspInit
                0x080108cc       0xcc ../../libDaisy/build\libdaisy.a(tim.o)
                0x080108cc                HAL_TIM_Base_MspInit
 .text._ZN5daisy11TimerHandle4InitERKNS0_6ConfigE
                0x08010998       0xc4 ../../libDaisy/build\libdaisy.a(tim.o)
                0x08010998                daisy::TimerHandle::Init(daisy::TimerHandle::Config const&)
 .text._ZN5daisy11TimerHandle5StartEv
                0x08010a5c       0x14 ../../libDaisy/build\libdaisy.a(tim.o)
                0x08010a5c                daisy::TimerHandle::Start()
 .text.dsy_dma_init
                0x08010a70       0xe0 ../../libDaisy/build\libdaisy.a(dma.o)
                0x08010a70                dsy_dma_init
 .text.HAL_MDMA_Abort_IT
                0x08010b50       0x2c ../../libDaisy/build\libdaisy.a(stm32h7xx_hal_mdma.o)
                0x08010b50                HAL_MDMA_Abort_IT
 .text.SPI_CloseTransfer
                0x08010b7c       0xb8 ../../libDaisy/build\libdaisy.a(stm32h7xx_hal_spi.o)
 .text.HAL_SPI_Init
                0x08010c34      0x15c ../../libDaisy/build\libdaisy.a(stm32h7xx_hal_spi.o)
                0x08010c34                HAL_SPI_Init
 .text.HAL_SPI_Transmit_DMA
                0x08010d90      0x170 ../../libDaisy/build\libdaisy.a(stm32h7xx_hal_spi.o)
                0x08010d90                HAL_SPI_Transmit_DMA
 .text.HAL_SPI_TransmitReceive_DMA
                0x08010f00      0x218 ../../libDaisy/build\libdaisy.a(stm32h7xx_hal_spi.o)
                0x08010f00                HAL_SPI_TransmitReceive_DMA
 .text.HAL_SPI_Receive_DMA
                0x08011118      0x1b4 ../../libDaisy/build\libdaisy.a(stm32h7xx_hal_spi.o)
                0x08011118                HAL_SPI_Receive_DMA
 .text.SPI_DMATransmitCplt
                0x080112cc       0x28 ../../libDaisy/build\libdaisy.a(stm32h7xx_hal_spi.o)
 .text.SPI_DMAReceiveCplt
                0x080112f4       0x28 ../../libDaisy/build\libdaisy.a(stm32h7xx_hal_spi.o)
 .text.HAL_SPI_TxRxCpltCallback
                0x0801131c        0x4 ../../libDaisy/build\libdaisy.a(stm32h7xx_hal_spi.o)
                0x0801131c                HAL_SPI_TxRxCpltCallback
 .text.SPI_DMATransmitReceiveCplt
                0x08011320       0x28 ../../libDaisy/build\libdaisy.a(stm32h7xx_hal_spi.o)
 .text.HAL_SPI_TxHalfCpltCallback
                0x08011348        0x4 ../../libDaisy/build\libdaisy.a(stm32h7xx_hal_spi.o)
                0x08011348                HAL_SPI_TxHalfCpltCallback
 .text.SPI_DMAHalfTransmitCplt
                0x0801134c        0xc ../../libDaisy/build\libdaisy.a(stm32h7xx_hal_spi.o)
 .text.HAL_SPI_RxHalfCpltCallback
                0x08011358        0x4 ../../libDaisy/build\libdaisy.a(stm32h7xx_hal_spi.o)
                0x08011358                HAL_SPI_RxHalfCpltCallback
 .text.SPI_DMAHalfReceiveCplt
                0x0801135c        0xc ../../libDaisy/build\libdaisy.a(stm32h7xx_hal_spi.o)
 .text.HAL_SPI_TxRxHalfCpltCallback
                0x08011368        0x4 ../../libDaisy/build\libdaisy.a(stm32h7xx_hal_spi.o)
                0x08011368                HAL_SPI_TxRxHalfCpltCallback
 .text.SPI_DMAHalfTransmitReceiveCplt
                0x0801136c        0xc ../../libDaisy/build\libdaisy.a(stm32h7xx_hal_spi.o)
 .text.SPI_DMAError
                0x08011378       0xd8 ../../libDaisy/build\libdaisy.a(stm32h7xx_hal_spi.o)
 .text.HAL_SPI_IRQHandler
                0x08011450      0x23c ../../libDaisy/build\libdaisy.a(stm32h7xx_hal_spi.o)
                0x08011450                HAL_SPI_IRQHandler
 .text.SPI_DMAAbortOnError
                0x0801168c       0x1c ../../libDaisy/build\libdaisy.a(stm32h7xx_hal_spi.o)
 .text.HAL_SPI_GetState
                0x080116a8        0x8 ../../libDaisy/build\libdaisy.a(stm32h7xx_hal_spi.o)
                0x080116a8                HAL_SPI_GetState
 .text.HAL_TIM_Base_Init
                0x080116b0      0x140 ../../libDaisy/build\libdaisy.a(stm32h7xx_hal_tim.o)
                0x080116b0                HAL_TIM_Base_Init
 .text.HAL_TIM_Base_Start
                0x080117f0       0x34 ../../libDaisy/build\libdaisy.a(stm32h7xx_hal_tim.o)
                0x080117f0                HAL_TIM_Base_Start
 .text.HAL_TIM_ConfigClockSource
                0x08011824      0x17c ../../libDaisy/build\libdaisy.a(stm32h7xx_hal_tim.o)
                0x08011824                HAL_TIM_ConfigClockSource
 .text.HAL_TIMEx_MasterConfigSynchronization
                0x080119a0       0x64 ../../libDaisy/build\libdaisy.a(stm32h7xx_hal_tim_ex.o)
                0x080119a0                HAL_TIMEx_MasterConfigSynchronization
 .text._ZN7daisysp6Phasor7SetFreqEf
                0x08011a04       0x20 ../../DaisySP/build\libdaisysp.a(phasor.o)
                0x08011a04                daisysp::Phasor::SetFreq(float)
 .text._ZN7daisysp6Phasor7ProcessEv
                0x08011a24       0x3c ../../DaisySP/build\libdaisysp.a(phasor.o)
                0x08011a24                daisysp::Phasor::Process()
 .text._ZN7daisysp6Chorus4InitEf
                0x08011a60      0x194 ../../DaisySP/build\libdaisysp.a(chorus.o)
                0x08011a60                daisysp::Chorus::Init(float)
 .text._ZN7daisysp6Chorus7ProcessEf
                0x08011bf4      0x270 ../../DaisySP/build\libdaisysp.a(chorus.o)
                0x08011bf4                daisysp::Chorus::Process(float)
 .text._ZN7daisysp6Chorus7GetLeftEv
                0x08011e64        0xc ../../DaisySP/build\libdaisysp.a(chorus.o)
                0x08011e64                daisysp::Chorus::GetLeft()
 .text._ZN7daisysp6Chorus8GetRightEv
                0x08011e70        0xc ../../DaisySP/build\libdaisysp.a(chorus.o)
                0x08011e70                daisysp::Chorus::GetRight()
 .text._ZN7daisysp6Chorus11SetLfoDepthEf
                0x08011e7c       0x38 ../../DaisySP/build\libdaisysp.a(chorus.o)
                0x08011e7c                daisysp::Chorus::SetLfoDepth(float)
 .text._ZN7daisysp6Chorus10SetLfoFreqEf
                0x08011eb4       0x74 ../../DaisySP/build\libdaisysp.a(chorus.o)
                0x08011eb4                daisysp::Chorus::SetLfoFreq(float)
 .text._ZN7daisysp6Chorus8SetDelayEf
                0x08011f28       0x60 ../../DaisySP/build\libdaisysp.a(chorus.o)
                0x08011f28                daisysp::Chorus::SetDelay(float)
 .text._ZN7daisysp6Chorus11SetFeedbackEf
                0x08011f88       0x24 ../../DaisySP/build\libdaisysp.a(chorus.o)
                0x08011f88                daisysp::Chorus::SetFeedback(float)
 .text._ZN7daisysp6Phaser4InitEf
                0x08011fac       0xec ../../DaisySP/build\libdaisysp.a(phaser.o)
                0x08011fac                daisysp::Phaser::Init(float)
 .text._ZN7daisysp6Phaser7ProcessEf
                0x08012098      0x134 ../../DaisySP/build\libdaisysp.a(phaser.o)
                0x08012098                daisysp::Phaser::Process(float)
 .text._ZN7daisysp6Phaser8SetPolesEi
                0x080121cc       0x18 ../../DaisySP/build\libdaisysp.a(phaser.o)
                0x080121cc                daisysp::Phaser::SetPoles(int)
 .text._ZN7daisysp6Phaser11SetLfoDepthEf
                0x080121e4       0x64 ../../DaisySP/build\libdaisysp.a(phaser.o)
                0x080121e4                daisysp::Phaser::SetLfoDepth(float)
 .text._ZN7daisysp6Phaser10SetLfoFreqEf
                0x08012248      0x1d4 ../../DaisySP/build\libdaisysp.a(phaser.o)
                0x08012248                daisysp::Phaser::SetLfoFreq(float)
 .text._ZN7daisysp6Phaser7SetFreqEf
                0x0801241c       0x68 ../../DaisySP/build\libdaisysp.a(phaser.o)
                0x0801241c                daisysp::Phaser::SetFreq(float)
 .text._ZN7daisysp6Phaser11SetFeedbackEf
                0x08012484       0x64 ../../DaisySP/build\libdaisysp.a(phaser.o)
                0x08012484                daisysp::Phaser::SetFeedback(float)
 .text.__aeabi_atexit
                0x080124e8        0xa c:/users/seanw/documents/daisytoolchain-0.3.1/daisytoolchain-0.3.1/windows/bin/../lib/gcc/arm-none-eabi/10.2.1/../../../../arm-none-eabi/lib/thumb/v7e-m+dp/hard\libstdc++_nano.a(atexit_arm.o)
                0x080124e8                __aeabi_atexit
 *fill*         0x080124f2        0x2 
 .text.expf     0x080124f4       0xe4 c:/users/seanw/documents/daisytoolchain-0.3.1/daisytoolchain-0.3.1/windows/bin/../lib/gcc/arm-none-eabi/10.2.1/../../../../arm-none-eabi/lib/thumb/v7e-m+dp/hard\libm.a(lib_a-sf_exp.o)
                0x080124f4                expf
 .text.logf     0x080125d8       0xc8 c:/users/seanw/documents/daisytoolchain-0.3.1/daisytoolchain-0.3.1/windows/bin/../lib/gcc/arm-none-eabi/10.2.1/../../../../arm-none-eabi/lib/thumb/v7e-m+dp/hard\libm.a(lib_a-sf_log.o)
                0x080125d8                logf
 .text.powf     0x080126a0      0x328 c:/users/seanw/documents/daisytoolchain-0.3.1/daisytoolchain-0.3.1/windows/bin/../lib/gcc/arm-none-eabi/10.2.1/../../../../arm-none-eabi/lib/thumb/v7e-m+dp/hard\libm.a(lib_a-sf_pow.o)
                0x080126a0                powf
 .text.sinf     0x080129c8      0x20c c:/users/seanw/documents/daisytoolchain-0.3.1/daisytoolchain-0.3.1/windows/bin/../lib/gcc/arm-none-eabi/10.2.1/../../../../arm-none-eabi/lib/thumb/v7e-m+dp/hard\libm.a(lib_a-sinf.o)
                0x080129c8                sinf
 .text.with_errnof
                0x08012bd4       0x18 c:/users/seanw/documents/daisytoolchain-0.3.1/daisytoolchain-0.3.1/windows/bin/../lib/gcc/arm-none-eabi/10.2.1/../../../../arm-none-eabi/lib/thumb/v7e-m+dp/hard\libm.a(lib_a-math_errf.o)
 .text.xflowf   0x08012bec       0x20 c:/users/seanw/documents/daisytoolchain-0.3.1/daisytoolchain-0.3.1/windows/bin/../lib/gcc/arm-none-eabi/10.2.1/../../../../arm-none-eabi/lib/thumb/v7e-m+dp/hard\libm.a(lib_a-math_errf.o)
 .text.__math_uflowf
                0x08012c0c        0xc c:/users/seanw/documents/daisytoolchain-0.3.1/daisytoolchain-0.3.1/windows/bin/../lib/gcc/arm-none-eabi/10.2.1/../../../../arm-none-eabi/lib/thumb/v7e-m+dp/hard\libm.a(lib_a-math_errf.o)
                0x08012c0c                __math_uflowf
 .text.__math_may_uflowf
                0x08012c18        0xc c:/users/seanw/documents/daisytoolchain-0.3.1/daisytoolchain-0.3.1/windows/bin/../lib/gcc/arm-none-eabi/10.2.1/../../../../arm-none-eabi/lib/thumb/v7e-m+dp/hard\libm.a(lib_a-math_errf.o)
                0x08012c18                __math_may_uflowf
 .text.__math_oflowf
                0x08012c24        0xc c:/users/seanw/documents/daisytoolchain-0.3.1/daisytoolchain-0.3.1/windows/bin/../lib/gcc/arm-none-eabi/10.2.1/../../../../arm-none-eabi/lib/thumb/v7e-m+dp/hard\libm.a(lib_a-math_errf.o)
                0x08012c24                __math_oflowf
 .text.__math_divzerof
                0x08012c30       0x24 c:/users/seanw/documents/daisytoolchain-0.3.1/daisytoolchain-0.3.1/windows/bin/../lib/gcc/arm-none-eabi/10.2.1/../../../../arm-none-eabi/lib/thumb/v7e-m+dp/hard\libm.a(lib_a-math_errf.o)
                0x08012c30                __math_divzerof
 .text.__math_invalidf
                0x08012c54       0x20 c:/users/seanw/documents/daisytoolchain-0.3.1/daisytoolchain-0.3.1/windows/bin/../lib/gcc/arm-none-eabi/10.2.1/../../../../arm-none-eabi/lib/thumb/v7e-m+dp/hard\libm.a(lib_a-math_errf.o)
                0x08012c54                __math_invalidf
 .text.__cxa_atexit
                0x08012c74       0x1c c:/users/seanw/documents/daisytoolchain-0.3.1/daisytoolchain-0.3.1/windows/bin/../lib/gcc/arm-none-eabi/10.2.1/../../../../arm-none-eabi/lib/thumb/v7e-m+dp/hard\libc_nano.a(lib_a-cxa_atexit.o)
                0x08012c74                __cxa_atexit
 .text.__errno  0x08012c90        0xc c:/users/seanw/documents/daisytoolchain-0.3.1/daisytoolchain-0.3.1/windows/bin/../lib/gcc/arm-none-eabi/10.2.1/../../../../arm-none-eabi/lib/thumb/v7e-m+dp/hard\libc_nano.a(lib_a-errno.o)
                0x08012c90                __errno
 .text.__libc_init_array
                0x08012c9c       0x48 c:/users/seanw/documents/daisytoolchain-0.3.1/daisytoolchain-0.3.1/windows/bin/../lib/gcc/arm-none-eabi/10.2.1/../../../../arm-none-eabi/lib/thumb/v7e-m+dp/hard\libc_nano.a(lib_a-init.o)
                0x08012c9c                __libc_init_array
 .text.memcpy   0x08012ce4       0x1c c:/users/seanw/documents/daisytoolchain-0.3.1/daisytoolchain-0.3.1/windows/bin/../lib/gcc/arm-none-eabi/10.2.1/../../../../arm-none-eabi/lib/thumb/v7e-m+dp/hard\libc_nano.a(lib_a-memcpy-stub.o)
                0x08012ce4                memcpy
 .text.memset   0x08012d00       0x10 c:/users/seanw/documents/daisytoolchain-0.3.1/daisytoolchain-0.3.1/windows/bin/../lib/gcc/arm-none-eabi/10.2.1/../../../../arm-none-eabi/lib/thumb/v7e-m+dp/hard\libc_nano.a(lib_a-memset.o)
                0x08012d00                memset
 *(.rodata)
 .rodata        0x08012d10        0x6 build/MultiEffect.o
 *fill*         0x08012d16        0x2 
 .rodata        0x08012d18       0x10 ../../libDaisy/build\libdaisy.a(i2c.o)
 .rodata        0x08012d28       0x12 ../../libDaisy/build\libdaisy.a(uart.o)
 *fill*         0x08012d3a        0x2 
 .rodata        0x08012d3c        0x8 ../../libDaisy/build\libdaisy.a(stm32h7xx_hal_uart_ex.o)
 .rodata        0x08012d44       0x10 ../../libDaisy/build\libdaisy.a(tim.o)
 *(.rodata*)
 .rodata._ZL8seedgpio
                0x08012d54       0x3e ../../libDaisy/build\libdaisy.a(daisy_seed.o)
 *fill*         0x08012d92        0x2 
 .rodata._ZL16dsy_adc_rank_map
                0x08012d94       0x40 ../../libDaisy/build\libdaisy.a(adc.o)
 .rodata.CSWTCH.35
                0x08012dd4        0x3 ../../libDaisy/build\libdaisy.a(sai.o)
 *fill*         0x08012dd7        0x1 
 .rodata.CSWTCH.36
                0x08012dd8        0xc ../../libDaisy/build\libdaisy.a(sai.o)
 .rodata.CSWTCH.44
                0x08012de4       0x14 ../../libDaisy/build\libdaisy.a(sai.o)
 .rodata.CSWTCH.63
                0x08012df8       0x24 ../../libDaisy/build\libdaisy.a(uart.o)
 .rodata.CSWTCH.64
                0x08012e1c        0xc ../../libDaisy/build\libdaisy.a(uart.o)
 .rodata.CSWTCH.65
                0x08012e28       0x10 ../../libDaisy/build\libdaisy.a(uart.o)
 .rodata.CSWTCH.66
                0x08012e38        0xc ../../libDaisy/build\libdaisy.a(uart.o)
 .rodata.D1CorePrescTable
                0x08012e44       0x10 ../../libDaisy/build\libdaisy.a(system_stm32h7xx.o)